../Core/Src/main.c:89:5:main	24	static
../Core/Src/main.c:139:6:SystemClock_Config	88	static
../Core/Src/main.c:187:13:MX_I2C1_Init	8	static
../Core/Src/main.c:221:13:MX_RTC_Init	8	static
../Core/Src/main.c:256:13:MX_GPIO_Init	48	static
../Core/Src/main.c:303:9:decToBcd	16	static
../Core/Src/main.c:309:5:bcdToDec	16	static
../Core/Src/main.c:315:6:Set_Time	48	static
../Core/Src/main.c:329:6:Get_Time	32	static
../Core/Src/main.c:342:6:Set_Alarm2	40	static
../Core/Src/main.c:365:6:Error_Handler	4	static,ignoring_inline_asm
