../Core/Src/main.c:73:5:main	48	static,ignoring_inline_asm
../Core/Src/main.c:162:6:SystemClock_Config	88	static
../Core/Src/main.c:209:13:MX_USART2_UART_Init	8	static
../Core/Src/main.c:242:13:MX_GPIO_Init	56	static
../Core/Src/main.c:382:13:led_green_handler	24	static
../Core/Src/main.c:397:13:led_orange_handler	24	static
../Core/Src/main.c:411:13:led_red_handler	24	static
../Core/Src/main.c:425:6:vApplicationIdleHook	8	static
../Core/Src/main.c:439:6:HAL_TIM_PeriodElapsedCallback	16	static
../Core/Src/main.c:456:6:Error_Handler	4	static,ignoring_inline_asm
