../Core/Src/main.c:75:5:main	40	static,ignoring_inline_asm
../Core/Src/main.c:154:6:SystemClock_Config	88	static
../Core/Src/main.c:201:13:MX_GPIO_Init	56	static
../Core/Src/main.c:344:6:switch_priority	32	static
../Core/Src/main.c:380:13:led_green_handler	16	static
../Core/Src/main.c:393:13:led_red_handler	16	static
../Core/Src/main.c:407:6:button_interrupt_handler	8	static
../Core/Src/main.c:425:6:HAL_TIM_PeriodElapsedCallback	16	static
../Core/Src/main.c:443:6:Error_Handler	4	static,ignoring_inline_asm
