17:15:23 **** Build of configuration Debug for project 006LED_Interrupt_Task ****
make -j8 all 
arm-none-eabi-gcc "../Core/Src/main.c" -mcpu=cortex-m4 -std=gnu11 -g3 -DDEBUG -DUSE_HAL_DRIVER -DSTM32F407xx -c -I../Core/Inc -I../Drivers/STM32F4xx_HAL_Driver/Inc -I../Drivers/STM32F4xx_HAL_Driver/Inc/Legacy -I../Drivers/CMSIS/Device/ST/STM32F4xx/Include -I../Drivers/CMSIS/Include -I"D:/STM32_Workspace/RTOS_workspace/FreeRTOS_Tut/common/ThirdParty/FreeRTOS/include" -I"D:/STM32_Workspace/RTOS_workspace/FreeRTOS_Tut/common/ThirdParty/FreeRTOS/portable/GCC/ARM_CM4F" -I"D:/STM32_Workspace/RTOS_workspace/FreeRTOS_Tut/common/ThirdParty/SEGGER/Config" -I"D:/STM32_Workspace/RTOS_workspace/FreeRTOS_Tut/common/ThirdParty/SEGGER/OS" -I"D:/STM32_Workspace/RTOS_workspace/FreeRTOS_Tut/common/ThirdParty/SEGGER/SEGGER" -O0 -ffunction-sections -fdata-sections -Wall -fstack-usage -fcyclomatic-complexity -MMD -MP -MF"Core/Src/main.d" -MT"Core/Src/main.o" --specs=nano.specs -mfpu=fpv4-sp-d16 -mfloat-abi=hard -mthumb -o "Core/Src/main.o"
arm-none-eabi-gcc -o "006LED_Interrupt_Task.elf" @"objects.list"   -mcpu=cortex-m4 -T"D:\STM32_Workspace\RTOS_workspace\FreeRTOS_Tut\006LED_Interrupt_Task\STM32F407VGTX_FLASH.ld" --specs=nosys.specs -Wl,-Map="006LED_Interrupt_Task.map" -Wl,--gc-sections -static --specs=nano.specs -mfpu=fpv4-sp-d16 -mfloat-abi=hard -mthumb -Wl,--start-group -lc -lm -Wl,--end-group
Finished building target: 006LED_Interrupt_Task.elf
 
arm-none-eabi-size  006LED_Interrupt_Task.elf 
arm-none-eabi-objdump -h -S 006LED_Interrupt_Task.elf  > "006LED_Interrupt_Task.list"
   text	   data	    bss	    dec	    hex	filename
  32088	     36	  84644	 116768	  1c820	006LED_Interrupt_Task.elf
Finished building: default.size.stdout
 
Finished building: 006LED_Interrupt_Task.list
 

17:15:26 Build Finished. 0 errors, 0 warnings. (took 2s.487ms)

