17:15:43 **** Build of configuration Debug for project firmware ****
make -j8 all 
arm-none-eabi-gcc "../Lib/spa/spa.c" -mcpu=cortex-m4 -std=gnu11 -g3 -DDEBUG -DUSE_HAL_DRIVER -DSTM32F401xE -c -I../Core/Inc -I"D:/STM32_Workspace/RTOS_workspace/FreeRTOS_Tut/firmware/Lib/datetime" -I"D:/STM32_Workspace/RTOS_workspace/FreeRTOS_Tut/firmware/Lib/atc" -I"D:/STM32_Workspace/RTOS_workspace/FreeRTOS_Tut/firmware/Lib/gsm_v5" -I"D:/STM32_Workspace/RTOS_workspace/FreeRTOS_Tut/firmware/Lib/gsm_v5_ext" -I"D:/STM32_Workspace/RTOS_workspace/FreeRTOS_Tut/firmware/Lib/spa" -I"D:/STM32_Workspace/RTOS_workspace/FreeRTOS_Tut/firmware/FreeRTOS/include" -I"D:/STM32_Workspace/RTOS_workspace/FreeRTOS_Tut/firmware/FreeRTOS/portable/GCC/ARM_CM4F" -I../Drivers/STM32F4xx_HAL_Driver/Inc -I../Drivers/STM32F4xx_HAL_Driver/Inc/Legacy -I../Drivers/CMSIS/Device/ST/STM32F4xx/Include -I../Drivers/CMSIS/Include -O0 -ffunction-sections -fdata-sections -Wall -fstack-usage -fcyclomatic-complexity -MMD -MP -MF"Lib/spa/spa.d" -MT"Lib/spa/spa.o" --specs=nano.specs -mfpu=fpv4-sp-d16 -mfloat-abi=hard -mthumb -o "Lib/spa/spa.o"
arm-none-eabi-gcc "../Lib/gsm_v5_ext/gsm_time_sync.c" -mcpu=cortex-m4 -std=gnu11 -g3 -DDEBUG -DUSE_HAL_DRIVER -DSTM32F401xE -c -I../Core/Inc -I"D:/STM32_Workspace/RTOS_workspace/FreeRTOS_Tut/firmware/Lib/datetime" -I"D:/STM32_Workspace/RTOS_workspace/FreeRTOS_Tut/firmware/Lib/atc" -I"D:/STM32_Workspace/RTOS_workspace/FreeRTOS_Tut/firmware/Lib/gsm_v5" -I"D:/STM32_Workspace/RTOS_workspace/FreeRTOS_Tut/firmware/Lib/gsm_v5_ext" -I"D:/STM32_Workspace/RTOS_workspace/FreeRTOS_Tut/firmware/Lib/spa" -I"D:/STM32_Workspace/RTOS_workspace/FreeRTOS_Tut/firmware/FreeRTOS/include" -I"D:/STM32_Workspace/RTOS_workspace/FreeRTOS_Tut/firmware/FreeRTOS/portable/GCC/ARM_CM4F" -I../Drivers/STM32F4xx_HAL_Driver/Inc -I../Drivers/STM32F4xx_HAL_Driver/Inc/Legacy -I../Drivers/CMSIS/Device/ST/STM32F4xx/Include -I../Drivers/CMSIS/Include -O0 -ffunction-sections -fdata-sections -Wall -fstack-usage -fcyclomatic-complexity -MMD -MP -MF"Lib/gsm_v5_ext/gsm_time_sync.d" -MT"Lib/gsm_v5_ext/gsm_time_sync.o" --specs=nano.specs -mfpu=fpv4-sp-d16 -mfloat-abi=hard -mthumb -o "Lib/gsm_v5_ext/gsm_time_sync.o"
arm-none-eabi-gcc "../Lib/gsm_v5/call.c" -mcpu=cortex-m4 -std=gnu11 -g3 -DDEBUG -DUSE_HAL_DRIVER -DSTM32F401xE -c -I../Core/Inc -I"D:/STM32_Workspace/RTOS_workspace/FreeRTOS_Tut/firmware/Lib/datetime" -I"D:/STM32_Workspace/RTOS_workspace/FreeRTOS_Tut/firmware/Lib/atc" -I"D:/STM32_Workspace/RTOS_workspace/FreeRTOS_Tut/firmware/Lib/gsm_v5" -I"D:/STM32_Workspace/RTOS_workspace/FreeRTOS_Tut/firmware/Lib/gsm_v5_ext" -I"D:/STM32_Workspace/RTOS_workspace/FreeRTOS_Tut/firmware/Lib/spa" -I"D:/STM32_Workspace/RTOS_workspace/FreeRTOS_Tut/firmware/FreeRTOS/include" -I"D:/STM32_Workspace/RTOS_workspace/FreeRTOS_Tut/firmware/FreeRTOS/portable/GCC/ARM_CM4F" -I../Drivers/STM32F4xx_HAL_Driver/Inc -I../Drivers/STM32F4xx_HAL_Driver/Inc/Legacy -I../Drivers/CMSIS/Device/ST/STM32F4xx/Include -I../Drivers/CMSIS/Include -O0 -ffunction-sections -fdata-sections -Wall -fstack-usage -fcyclomatic-complexity -MMD -MP -MF"Lib/gsm_v5/call.d" -MT"Lib/gsm_v5/call.o" --specs=nano.specs -mfpu=fpv4-sp-d16 -mfloat-abi=hard -mthumb -o "Lib/gsm_v5/call.o"
arm-none-eabi-gcc "../Lib/gsm_v5/fs.c" -mcpu=cortex-m4 -std=gnu11 -g3 -DDEBUG -DUSE_HAL_DRIVER -DSTM32F401xE -c -I../Core/Inc -I"D:/STM32_Workspace/RTOS_workspace/FreeRTOS_Tut/firmware/Lib/datetime" -I"D:/STM32_Workspace/RTOS_workspace/FreeRTOS_Tut/firmware/Lib/atc" -I"D:/STM32_Workspace/RTOS_workspace/FreeRTOS_Tut/firmware/Lib/gsm_v5" -I"D:/STM32_Workspace/RTOS_workspace/FreeRTOS_Tut/firmware/Lib/gsm_v5_ext" -I"D:/STM32_Workspace/RTOS_workspace/FreeRTOS_Tut/firmware/Lib/spa" -I"D:/STM32_Workspace/RTOS_workspace/FreeRTOS_Tut/firmware/FreeRTOS/include" -I"D:/STM32_Workspace/RTOS_workspace/FreeRTOS_Tut/firmware/FreeRTOS/portable/GCC/ARM_CM4F" -I../Drivers/STM32F4xx_HAL_Driver/Inc -I../Drivers/STM32F4xx_HAL_Driver/Inc/Legacy -I../Drivers/CMSIS/Device/ST/STM32F4xx/Include -I../Drivers/CMSIS/Include -O0 -ffunction-sections -fdata-sections -Wall -fstack-usage -fcyclomatic-complexity -MMD -MP -MF"Lib/gsm_v5/fs.d" -MT"Lib/gsm_v5/fs.o" --specs=nano.specs -mfpu=fpv4-sp-d16 -mfloat-abi=hard -mthumb -o "Lib/gsm_v5/fs.o"
arm-none-eabi-gcc "../Lib/gsm_v5/gprs.c" -mcpu=cortex-m4 -std=gnu11 -g3 -DDEBUG -DUSE_HAL_DRIVER -DSTM32F401xE -c -I../Core/Inc -I"D:/STM32_Workspace/RTOS_workspace/FreeRTOS_Tut/firmware/Lib/datetime" -I"D:/STM32_Workspace/RTOS_workspace/FreeRTOS_Tut/firmware/Lib/atc" -I"D:/STM32_Workspace/RTOS_workspace/FreeRTOS_Tut/firmware/Lib/gsm_v5" -I"D:/STM32_Workspace/RTOS_workspace/FreeRTOS_Tut/firmware/Lib/gsm_v5_ext" -I"D:/STM32_Workspace/RTOS_workspace/FreeRTOS_Tut/firmware/Lib/spa" -I"D:/STM32_Workspace/RTOS_workspace/FreeRTOS_Tut/firmware/FreeRTOS/include" -I"D:/STM32_Workspace/RTOS_workspace/FreeRTOS_Tut/firmware/FreeRTOS/portable/GCC/ARM_CM4F" -I../Drivers/STM32F4xx_HAL_Driver/Inc -I../Drivers/STM32F4xx_HAL_Driver/Inc/Legacy -I../Drivers/CMSIS/Device/ST/STM32F4xx/Include -I../Drivers/CMSIS/Include -O0 -ffunction-sections -fdata-sections -Wall -fstack-usage -fcyclomatic-complexity -MMD -MP -MF"Lib/gsm_v5/gprs.d" -MT"Lib/gsm_v5/gprs.o" --specs=nano.specs -mfpu=fpv4-sp-d16 -mfloat-abi=hard -mthumb -o "Lib/gsm_v5/gprs.o"
arm-none-eabi-gcc "../Lib/gsm_v5/gsm.c" -mcpu=cortex-m4 -std=gnu11 -g3 -DDEBUG -DUSE_HAL_DRIVER -DSTM32F401xE -c -I../Core/Inc -I"D:/STM32_Workspace/RTOS_workspace/FreeRTOS_Tut/firmware/Lib/datetime" -I"D:/STM32_Workspace/RTOS_workspace/FreeRTOS_Tut/firmware/Lib/atc" -I"D:/STM32_Workspace/RTOS_workspace/FreeRTOS_Tut/firmware/Lib/gsm_v5" -I"D:/STM32_Workspace/RTOS_workspace/FreeRTOS_Tut/firmware/Lib/gsm_v5_ext" -I"D:/STM32_Workspace/RTOS_workspace/FreeRTOS_Tut/firmware/Lib/spa" -I"D:/STM32_Workspace/RTOS_workspace/FreeRTOS_Tut/firmware/FreeRTOS/include" -I"D:/STM32_Workspace/RTOS_workspace/FreeRTOS_Tut/firmware/FreeRTOS/portable/GCC/ARM_CM4F" -I../Drivers/STM32F4xx_HAL_Driver/Inc -I../Drivers/STM32F4xx_HAL_Driver/Inc/Legacy -I../Drivers/CMSIS/Device/ST/STM32F4xx/Include -I../Drivers/CMSIS/Include -O0 -ffunction-sections -fdata-sections -Wall -fstack-usage -fcyclomatic-complexity -MMD -MP -MF"Lib/gsm_v5/gsm.d" -MT"Lib/gsm_v5/gsm.o" --specs=nano.specs -mfpu=fpv4-sp-d16 -mfloat-abi=hard -mthumb -o "Lib/gsm_v5/gsm.o"
arm-none-eabi-gcc "../Lib/gsm_v5/gsmCallback.c" -mcpu=cortex-m4 -std=gnu11 -g3 -DDEBUG -DUSE_HAL_DRIVER -DSTM32F401xE -c -I../Core/Inc -I"D:/STM32_Workspace/RTOS_workspace/FreeRTOS_Tut/firmware/Lib/datetime" -I"D:/STM32_Workspace/RTOS_workspace/FreeRTOS_Tut/firmware/Lib/atc" -I"D:/STM32_Workspace/RTOS_workspace/FreeRTOS_Tut/firmware/Lib/gsm_v5" -I"D:/STM32_Workspace/RTOS_workspace/FreeRTOS_Tut/firmware/Lib/gsm_v5_ext" -I"D:/STM32_Workspace/RTOS_workspace/FreeRTOS_Tut/firmware/Lib/spa" -I"D:/STM32_Workspace/RTOS_workspace/FreeRTOS_Tut/firmware/FreeRTOS/include" -I"D:/STM32_Workspace/RTOS_workspace/FreeRTOS_Tut/firmware/FreeRTOS/portable/GCC/ARM_CM4F" -I../Drivers/STM32F4xx_HAL_Driver/Inc -I../Drivers/STM32F4xx_HAL_Driver/Inc/Legacy -I../Drivers/CMSIS/Device/ST/STM32F4xx/Include -I../Drivers/CMSIS/Include -O0 -ffunction-sections -fdata-sections -Wall -fstack-usage -fcyclomatic-complexity -MMD -MP -MF"Lib/gsm_v5/gsmCallback.d" -MT"Lib/gsm_v5/gsmCallback.o" --specs=nano.specs -mfpu=fpv4-sp-d16 -mfloat-abi=hard -mthumb -o "Lib/gsm_v5/gsmCallback.o"
arm-none-eabi-gcc "../Lib/gsm_v5/msg.c" -mcpu=cortex-m4 -std=gnu11 -g3 -DDEBUG -DUSE_HAL_DRIVER -DSTM32F401xE -c -I../Core/Inc -I"D:/STM32_Workspace/RTOS_workspace/FreeRTOS_Tut/firmware/Lib/datetime" -I"D:/STM32_Workspace/RTOS_workspace/FreeRTOS_Tut/firmware/Lib/atc" -I"D:/STM32_Workspace/RTOS_workspace/FreeRTOS_Tut/firmware/Lib/gsm_v5" -I"D:/STM32_Workspace/RTOS_workspace/FreeRTOS_Tut/firmware/Lib/gsm_v5_ext" -I"D:/STM32_Workspace/RTOS_workspace/FreeRTOS_Tut/firmware/Lib/spa" -I"D:/STM32_Workspace/RTOS_workspace/FreeRTOS_Tut/firmware/FreeRTOS/include" -I"D:/STM32_Workspace/RTOS_workspace/FreeRTOS_Tut/firmware/FreeRTOS/portable/GCC/ARM_CM4F" -I../Drivers/STM32F4xx_HAL_Driver/Inc -I../Drivers/STM32F4xx_HAL_Driver/Inc/Legacy -I../Drivers/CMSIS/Device/ST/STM32F4xx/Include -I../Drivers/CMSIS/Include -O0 -ffunction-sections -fdata-sections -Wall -fstack-usage -fcyclomatic-complexity -MMD -MP -MF"Lib/gsm_v5/msg.d" -MT"Lib/gsm_v5/msg.o" --specs=nano.specs -mfpu=fpv4-sp-d16 -mfloat-abi=hard -mthumb -o "Lib/gsm_v5/msg.o"
arm-none-eabi-gcc "../Lib/gsm_v5/pdu.c" -mcpu=cortex-m4 -std=gnu11 -g3 -DDEBUG -DUSE_HAL_DRIVER -DSTM32F401xE -c -I../Core/Inc -I"D:/STM32_Workspace/RTOS_workspace/FreeRTOS_Tut/firmware/Lib/datetime" -I"D:/STM32_Workspace/RTOS_workspace/FreeRTOS_Tut/firmware/Lib/atc" -I"D:/STM32_Workspace/RTOS_workspace/FreeRTOS_Tut/firmware/Lib/gsm_v5" -I"D:/STM32_Workspace/RTOS_workspace/FreeRTOS_Tut/firmware/Lib/gsm_v5_ext" -I"D:/STM32_Workspace/RTOS_workspace/FreeRTOS_Tut/firmware/Lib/spa" -I"D:/STM32_Workspace/RTOS_workspace/FreeRTOS_Tut/firmware/FreeRTOS/include" -I"D:/STM32_Workspace/RTOS_workspace/FreeRTOS_Tut/firmware/FreeRTOS/portable/GCC/ARM_CM4F" -I../Drivers/STM32F4xx_HAL_Driver/Inc -I../Drivers/STM32F4xx_HAL_Driver/Inc/Legacy -I../Drivers/CMSIS/Device/ST/STM32F4xx/Include -I../Drivers/CMSIS/Include -O0 -ffunction-sections -fdata-sections -Wall -fstack-usage -fcyclomatic-complexity -MMD -MP -MF"Lib/gsm_v5/pdu.d" -MT"Lib/gsm_v5/pdu.o" --specs=nano.specs -mfpu=fpv4-sp-d16 -mfloat-abi=hard -mthumb -o "Lib/gsm_v5/pdu.o"
../Lib/gsm_v5_ext/gsm_time_sync.c:131:13: warning: '__is_bearer_profile_activated' defined but not used [-Wunused-function]
  131 | static bool __is_bearer_profile_activated(uint8_t* bearer_profile)
      |             ^~~~~~~~~~~~~~~~~~~~~~~~~~~~~
../Lib/gsm_v5/gprs.c: In function 'gsm_gprs_httpGet':
../Lib/gsm_v5/gprs.c:230:56: warning: format '%d' expects argument of type 'int *', but argument 4 has type 'uint32_t *' {aka 'long unsigned int *'} [-Wformat=]
  230 |     sscanf((char*)gsm.buffer, "\r\n+HTTPACTION: 0,%hd,%d\r\n", &gsm.gprs.code, &gsm.gprs.dataLen);
      |                                                       ~^                       ~~~~~~~~~~~~~~~~~
      |                                                        |                       |
      |                                                        int *                   uint32_t * {aka long unsigned int *}
      |                                                       %ld
../Lib/gsm_v5/gprs.c: In function 'gsm_gprs_httpPost':
../Lib/gsm_v5/gprs.c:272:56: warning: format '%d' expects argument of type 'int *', but argument 4 has type 'uint32_t *' {aka 'long unsigned int *'} [-Wformat=]
  272 |     sscanf((char*)gsm.buffer, "\r\n+HTTPACTION: 1,%hd,%d\r\n", &gsm.gprs.code, &gsm.gprs.dataLen);
      |                                                       ~^                       ~~~~~~~~~~~~~~~~~
      |                                                        |                       |
      |                                                        int *                   uint32_t * {aka long unsigned int *}
      |                                                       %ld
../Lib/gsm_v5/gprs.c: In function 'gsm_gprs_httpRead':
../Lib/gsm_v5/gprs.c:300:30: warning: format '%d' expects argument of type 'int', but argument 3 has type 'uint32_t' {aka 'long unsigned int'} [-Wformat=]
  300 |   sprintf(buf, "AT+HTTPREAD=%d,%d\r\n", gsm.gprs.dataCurrent, len);
      |                             ~^          ~~~~~~~~~~~~~~~~~~~~
      |                              |                  |
      |                              int                uint32_t {aka long unsigned int}
      |                             %ld
../Lib/gsm_v5/gprs.c: In function 'gsm_gprs_ftpExtUpload':
../Lib/gsm_v5/gprs.c:586:49: warning: format '%d' expects argument of type 'int', but argument 3 has type 'uint32_t' {aka 'long unsigned int'} [-Wformat=]
  586 |     sprintf((char*)gsm.buffer, "AT+FTPEXTPUT=2,%d,%d,5000\r\n", gsm.gprs.ftpExtOffset, len);
      |                                                ~^               ~~~~~~~~~~~~~~~~~~~~~
      |                                                 |                       |
      |                                                 int                     uint32_t {aka long unsigned int}
      |                                                %ld
In file included from ../Lib/gsm_v5/gprs.c:1:
../Lib/gsm_v5/gprs.c: In function 'gsm_gprs_ftpGetSize':
../Lib/gsm_v5/gprs.c:735:14: warning: format '%d' expects argument of type 'int', but argument 4 has type 'uint32_t' {aka 'long unsigned int'} [-Wformat=]
  735 |   gsm_printf("[GSM] gprs_ftpGetSize(%s, %s) done. answer: %d\r\n", path, name, error);
      |              ^~~~~~~~~~~~~~~~~~~~~~~~~~~~~~~~~~~~~~~~~~~~~~~~~~~~              ~~~~~
      |                                                                                |
      |                                                                                uint32_t {aka long unsigned int}
../Lib/gsm_v5/gsm.h:38:36: note: in definition of macro 'gsm_printf'
   38 | #define gsm_printf(...)     printf(__VA_ARGS__)
      |                                    ^~~~~~~~~~~
../Lib/gsm_v5/gprs.c:735:60: note: format string is defined here
  735 |   gsm_printf("[GSM] gprs_ftpGetSize(%s, %s) done. answer: %d\r\n", path, name, error);
      |                                                           ~^
      |                                                            |
      |                                                            int
      |                                                           %ld
../Lib/gsm_v5/msg.c: In function 'gsm_msg_read':
../Lib/gsm_v5/msg.c:421:27: warning: pointer targets in passing argument 1 of 'strstr' differ in signedness [-Wpointer-sign]
  421 |     char *end = strstr(gsm.buffer, "\r\n\r\nOK\r\n");
      |                        ~~~^~~~~~~
      |                           |
      |                           uint8_t * {aka unsigned char *}
In file included from ../Lib/gsm_v5/gsm.h:34,
                 from ../Lib/gsm_v5/msg.c:1:
C:\ST\STM32CubeIDE_1.14.0\STM32CubeIDE\plugins\com.st.stm32cube.ide.mcu.externaltools.gnu-tools-for-stm32.11.3.rel1.win32_1.1.100.202309141235\tools\bin/../lib/gcc/arm-none-eabi/11.3.1/../../../../arm-none-eabi/include/string.h:48:18: note: expected 'const char *' but argument is of type 'uint8_t *' {aka 'unsigned char *'}
   48 | char    *strstr (const char *, const char *);
      |                  ^~~~~~~~~~~~
../Lib/gsm_v5/msg.c: In function 'gsm_msg_send':
../Lib/gsm_v5/msg.c:259:1: warning: control reaches end of non-void function [-Wreturn-type]
  259 | }
      | ^
arm-none-eabi-gcc "../Lib/datetime/pcf85263at_rtc.c" -mcpu=cortex-m4 -std=gnu11 -g3 -DDEBUG -DUSE_HAL_DRIVER -DSTM32F401xE -c -I../Core/Inc -I"D:/STM32_Workspace/RTOS_workspace/FreeRTOS_Tut/firmware/Lib/datetime" -I"D:/STM32_Workspace/RTOS_workspace/FreeRTOS_Tut/firmware/Lib/atc" -I"D:/STM32_Workspace/RTOS_workspace/FreeRTOS_Tut/firmware/Lib/gsm_v5" -I"D:/STM32_Workspace/RTOS_workspace/FreeRTOS_Tut/firmware/Lib/gsm_v5_ext" -I"D:/STM32_Workspace/RTOS_workspace/FreeRTOS_Tut/firmware/Lib/spa" -I"D:/STM32_Workspace/RTOS_workspace/FreeRTOS_Tut/firmware/FreeRTOS/include" -I"D:/STM32_Workspace/RTOS_workspace/FreeRTOS_Tut/firmware/FreeRTOS/portable/GCC/ARM_CM4F" -I../Drivers/STM32F4xx_HAL_Driver/Inc -I../Drivers/STM32F4xx_HAL_Driver/Inc/Legacy -I../Drivers/CMSIS/Device/ST/STM32F4xx/Include -I../Drivers/CMSIS/Include -O0 -ffunction-sections -fdata-sections -Wall -fstack-usage -fcyclomatic-complexity -MMD -MP -MF"Lib/datetime/pcf85263at_rtc.d" -MT"Lib/datetime/pcf85263at_rtc.o" --specs=nano.specs -mfpu=fpv4-sp-d16 -mfloat-abi=hard -mthumb -o "Lib/datetime/pcf85263at_rtc.o"
arm-none-eabi-gcc "../Lib/atc/atc.c" -mcpu=cortex-m4 -std=gnu11 -g3 -DDEBUG -DUSE_HAL_DRIVER -DSTM32F401xE -c -I../Core/Inc -I"D:/STM32_Workspace/RTOS_workspace/FreeRTOS_Tut/firmware/Lib/datetime" -I"D:/STM32_Workspace/RTOS_workspace/FreeRTOS_Tut/firmware/Lib/atc" -I"D:/STM32_Workspace/RTOS_workspace/FreeRTOS_Tut/firmware/Lib/gsm_v5" -I"D:/STM32_Workspace/RTOS_workspace/FreeRTOS_Tut/firmware/Lib/gsm_v5_ext" -I"D:/STM32_Workspace/RTOS_workspace/FreeRTOS_Tut/firmware/Lib/spa" -I"D:/STM32_Workspace/RTOS_workspace/FreeRTOS_Tut/firmware/FreeRTOS/include" -I"D:/STM32_Workspace/RTOS_workspace/FreeRTOS_Tut/firmware/FreeRTOS/portable/GCC/ARM_CM4F" -I../Drivers/STM32F4xx_HAL_Driver/Inc -I../Drivers/STM32F4xx_HAL_Driver/Inc/Legacy -I../Drivers/CMSIS/Device/ST/STM32F4xx/Include -I../Drivers/CMSIS/Include -O0 -ffunction-sections -fdata-sections -Wall -fstack-usage -fcyclomatic-complexity -MMD -MP -MF"Lib/atc/atc.d" -MT"Lib/atc/atc.o" --specs=nano.specs -mfpu=fpv4-sp-d16 -mfloat-abi=hard -mthumb -o "Lib/atc/atc.o"
../Lib/gsm_v5/pdu.c:62:13: warning: 'pop' declared 'static' but never defined [-Wunused-function]
   62 | static void pop(int length, int *value, char *str);
      |             ^~~
../Lib/gsm_v5/pdu.c: In function 'decodeUDH':
../Lib/gsm_v5/pdu.c:343:1: warning: control reaches end of non-void function [-Wreturn-type]
  343 | }
      | ^
../Lib/gsm_v5/pdu.c: In function 'calculateVP':
../Lib/gsm_v5/pdu.c:362:1: warning: control reaches end of non-void function [-Wreturn-type]
  362 | }
      | ^
At top level:
../Lib/gsm_v5/pdu.c:693:14: warning: 'swapchars' defined but not used [-Wunused-function]
  693 | static char* swapchars(char *string)
      |              ^~~~~~~~~
arm-none-eabi-gcc "../FreeRTOS/portable/MemMang/heap_4.c" -mcpu=cortex-m4 -std=gnu11 -g3 -DDEBUG -DUSE_HAL_DRIVER -DSTM32F401xE -c -I../Core/Inc -I"D:/STM32_Workspace/RTOS_workspace/FreeRTOS_Tut/firmware/Lib/datetime" -I"D:/STM32_Workspace/RTOS_workspace/FreeRTOS_Tut/firmware/Lib/atc" -I"D:/STM32_Workspace/RTOS_workspace/FreeRTOS_Tut/firmware/Lib/gsm_v5" -I"D:/STM32_Workspace/RTOS_workspace/FreeRTOS_Tut/firmware/Lib/gsm_v5_ext" -I"D:/STM32_Workspace/RTOS_workspace/FreeRTOS_Tut/firmware/Lib/spa" -I"D:/STM32_Workspace/RTOS_workspace/FreeRTOS_Tut/firmware/FreeRTOS/include" -I"D:/STM32_Workspace/RTOS_workspace/FreeRTOS_Tut/firmware/FreeRTOS/portable/GCC/ARM_CM4F" -I../Drivers/STM32F4xx_HAL_Driver/Inc -I../Drivers/STM32F4xx_HAL_Driver/Inc/Legacy -I../Drivers/CMSIS/Device/ST/STM32F4xx/Include -I../Drivers/CMSIS/Include -O0 -ffunction-sections -fdata-sections -Wall -fstack-usage -fcyclomatic-complexity -MMD -MP -MF"FreeRTOS/portable/MemMang/heap_4.d" -MT"FreeRTOS/portable/MemMang/heap_4.o" --specs=nano.specs -mfpu=fpv4-sp-d16 -mfloat-abi=hard -mthumb -o "FreeRTOS/portable/MemMang/heap_4.o"
arm-none-eabi-gcc "../FreeRTOS/portable/GCC/ARM_CM4F/port.c" -mcpu=cortex-m4 -std=gnu11 -g3 -DDEBUG -DUSE_HAL_DRIVER -DSTM32F401xE -c -I../Core/Inc -I"D:/STM32_Workspace/RTOS_workspace/FreeRTOS_Tut/firmware/Lib/datetime" -I"D:/STM32_Workspace/RTOS_workspace/FreeRTOS_Tut/firmware/Lib/atc" -I"D:/STM32_Workspace/RTOS_workspace/FreeRTOS_Tut/firmware/Lib/gsm_v5" -I"D:/STM32_Workspace/RTOS_workspace/FreeRTOS_Tut/firmware/Lib/gsm_v5_ext" -I"D:/STM32_Workspace/RTOS_workspace/FreeRTOS_Tut/firmware/Lib/spa" -I"D:/STM32_Workspace/RTOS_workspace/FreeRTOS_Tut/firmware/FreeRTOS/include" -I"D:/STM32_Workspace/RTOS_workspace/FreeRTOS_Tut/firmware/FreeRTOS/portable/GCC/ARM_CM4F" -I../Drivers/STM32F4xx_HAL_Driver/Inc -I../Drivers/STM32F4xx_HAL_Driver/Inc/Legacy -I../Drivers/CMSIS/Device/ST/STM32F4xx/Include -I../Drivers/CMSIS/Include -O0 -ffunction-sections -fdata-sections -Wall -fstack-usage -fcyclomatic-complexity -MMD -MP -MF"FreeRTOS/portable/GCC/ARM_CM4F/port.d" -MT"FreeRTOS/portable/GCC/ARM_CM4F/port.o" --specs=nano.specs -mfpu=fpv4-sp-d16 -mfloat-abi=hard -mthumb -o "FreeRTOS/portable/GCC/ARM_CM4F/port.o"
arm-none-eabi-gcc "../FreeRTOS/croutine.c" -mcpu=cortex-m4 -std=gnu11 -g3 -DDEBUG -DUSE_HAL_DRIVER -DSTM32F401xE -c -I../Core/Inc -I"D:/STM32_Workspace/RTOS_workspace/FreeRTOS_Tut/firmware/Lib/datetime" -I"D:/STM32_Workspace/RTOS_workspace/FreeRTOS_Tut/firmware/Lib/atc" -I"D:/STM32_Workspace/RTOS_workspace/FreeRTOS_Tut/firmware/Lib/gsm_v5" -I"D:/STM32_Workspace/RTOS_workspace/FreeRTOS_Tut/firmware/Lib/gsm_v5_ext" -I"D:/STM32_Workspace/RTOS_workspace/FreeRTOS_Tut/firmware/Lib/spa" -I"D:/STM32_Workspace/RTOS_workspace/FreeRTOS_Tut/firmware/FreeRTOS/include" -I"D:/STM32_Workspace/RTOS_workspace/FreeRTOS_Tut/firmware/FreeRTOS/portable/GCC/ARM_CM4F" -I../Drivers/STM32F4xx_HAL_Driver/Inc -I../Drivers/STM32F4xx_HAL_Driver/Inc/Legacy -I../Drivers/CMSIS/Device/ST/STM32F4xx/Include -I../Drivers/CMSIS/Include -O0 -ffunction-sections -fdata-sections -Wall -fstack-usage -fcyclomatic-complexity -MMD -MP -MF"FreeRTOS/croutine.d" -MT"FreeRTOS/croutine.o" --specs=nano.specs -mfpu=fpv4-sp-d16 -mfloat-abi=hard -mthumb -o "FreeRTOS/croutine.o"
arm-none-eabi-gcc "../FreeRTOS/event_groups.c" -mcpu=cortex-m4 -std=gnu11 -g3 -DDEBUG -DUSE_HAL_DRIVER -DSTM32F401xE -c -I../Core/Inc -I"D:/STM32_Workspace/RTOS_workspace/FreeRTOS_Tut/firmware/Lib/datetime" -I"D:/STM32_Workspace/RTOS_workspace/FreeRTOS_Tut/firmware/Lib/atc" -I"D:/STM32_Workspace/RTOS_workspace/FreeRTOS_Tut/firmware/Lib/gsm_v5" -I"D:/STM32_Workspace/RTOS_workspace/FreeRTOS_Tut/firmware/Lib/gsm_v5_ext" -I"D:/STM32_Workspace/RTOS_workspace/FreeRTOS_Tut/firmware/Lib/spa" -I"D:/STM32_Workspace/RTOS_workspace/FreeRTOS_Tut/firmware/FreeRTOS/include" -I"D:/STM32_Workspace/RTOS_workspace/FreeRTOS_Tut/firmware/FreeRTOS/portable/GCC/ARM_CM4F" -I../Drivers/STM32F4xx_HAL_Driver/Inc -I../Drivers/STM32F4xx_HAL_Driver/Inc/Legacy -I../Drivers/CMSIS/Device/ST/STM32F4xx/Include -I../Drivers/CMSIS/Include -O0 -ffunction-sections -fdata-sections -Wall -fstack-usage -fcyclomatic-complexity -MMD -MP -MF"FreeRTOS/event_groups.d" -MT"FreeRTOS/event_groups.o" --specs=nano.specs -mfpu=fpv4-sp-d16 -mfloat-abi=hard -mthumb -o "FreeRTOS/event_groups.o"
arm-none-eabi-gcc "../FreeRTOS/list.c" -mcpu=cortex-m4 -std=gnu11 -g3 -DDEBUG -DUSE_HAL_DRIVER -DSTM32F401xE -c -I../Core/Inc -I"D:/STM32_Workspace/RTOS_workspace/FreeRTOS_Tut/firmware/Lib/datetime" -I"D:/STM32_Workspace/RTOS_workspace/FreeRTOS_Tut/firmware/Lib/atc" -I"D:/STM32_Workspace/RTOS_workspace/FreeRTOS_Tut/firmware/Lib/gsm_v5" -I"D:/STM32_Workspace/RTOS_workspace/FreeRTOS_Tut/firmware/Lib/gsm_v5_ext" -I"D:/STM32_Workspace/RTOS_workspace/FreeRTOS_Tut/firmware/Lib/spa" -I"D:/STM32_Workspace/RTOS_workspace/FreeRTOS_Tut/firmware/FreeRTOS/include" -I"D:/STM32_Workspace/RTOS_workspace/FreeRTOS_Tut/firmware/FreeRTOS/portable/GCC/ARM_CM4F" -I../Drivers/STM32F4xx_HAL_Driver/Inc -I../Drivers/STM32F4xx_HAL_Driver/Inc/Legacy -I../Drivers/CMSIS/Device/ST/STM32F4xx/Include -I../Drivers/CMSIS/Include -O0 -ffunction-sections -fdata-sections -Wall -fstack-usage -fcyclomatic-complexity -MMD -MP -MF"FreeRTOS/list.d" -MT"FreeRTOS/list.o" --specs=nano.specs -mfpu=fpv4-sp-d16 -mfloat-abi=hard -mthumb -o "FreeRTOS/list.o"
arm-none-eabi-gcc "../FreeRTOS/queue.c" -mcpu=cortex-m4 -std=gnu11 -g3 -DDEBUG -DUSE_HAL_DRIVER -DSTM32F401xE -c -I../Core/Inc -I"D:/STM32_Workspace/RTOS_workspace/FreeRTOS_Tut/firmware/Lib/datetime" -I"D:/STM32_Workspace/RTOS_workspace/FreeRTOS_Tut/firmware/Lib/atc" -I"D:/STM32_Workspace/RTOS_workspace/FreeRTOS_Tut/firmware/Lib/gsm_v5" -I"D:/STM32_Workspace/RTOS_workspace/FreeRTOS_Tut/firmware/Lib/gsm_v5_ext" -I"D:/STM32_Workspace/RTOS_workspace/FreeRTOS_Tut/firmware/Lib/spa" -I"D:/STM32_Workspace/RTOS_workspace/FreeRTOS_Tut/firmware/FreeRTOS/include" -I"D:/STM32_Workspace/RTOS_workspace/FreeRTOS_Tut/firmware/FreeRTOS/portable/GCC/ARM_CM4F" -I../Drivers/STM32F4xx_HAL_Driver/Inc -I../Drivers/STM32F4xx_HAL_Driver/Inc/Legacy -I../Drivers/CMSIS/Device/ST/STM32F4xx/Include -I../Drivers/CMSIS/Include -O0 -ffunction-sections -fdata-sections -Wall -fstack-usage -fcyclomatic-complexity -MMD -MP -MF"FreeRTOS/queue.d" -MT"FreeRTOS/queue.o" --specs=nano.specs -mfpu=fpv4-sp-d16 -mfloat-abi=hard -mthumb -o "FreeRTOS/queue.o"
arm-none-eabi-gcc "../FreeRTOS/stream_buffer.c" -mcpu=cortex-m4 -std=gnu11 -g3 -DDEBUG -DUSE_HAL_DRIVER -DSTM32F401xE -c -I../Core/Inc -I"D:/STM32_Workspace/RTOS_workspace/FreeRTOS_Tut/firmware/Lib/datetime" -I"D:/STM32_Workspace/RTOS_workspace/FreeRTOS_Tut/firmware/Lib/atc" -I"D:/STM32_Workspace/RTOS_workspace/FreeRTOS_Tut/firmware/Lib/gsm_v5" -I"D:/STM32_Workspace/RTOS_workspace/FreeRTOS_Tut/firmware/Lib/gsm_v5_ext" -I"D:/STM32_Workspace/RTOS_workspace/FreeRTOS_Tut/firmware/Lib/spa" -I"D:/STM32_Workspace/RTOS_workspace/FreeRTOS_Tut/firmware/FreeRTOS/include" -I"D:/STM32_Workspace/RTOS_workspace/FreeRTOS_Tut/firmware/FreeRTOS/portable/GCC/ARM_CM4F" -I../Drivers/STM32F4xx_HAL_Driver/Inc -I../Drivers/STM32F4xx_HAL_Driver/Inc/Legacy -I../Drivers/CMSIS/Device/ST/STM32F4xx/Include -I../Drivers/CMSIS/Include -O0 -ffunction-sections -fdata-sections -Wall -fstack-usage -fcyclomatic-complexity -MMD -MP -MF"FreeRTOS/stream_buffer.d" -MT"FreeRTOS/stream_buffer.o" --specs=nano.specs -mfpu=fpv4-sp-d16 -mfloat-abi=hard -mthumb -o "FreeRTOS/stream_buffer.o"
arm-none-eabi-gcc "../FreeRTOS/tasks.c" -mcpu=cortex-m4 -std=gnu11 -g3 -DDEBUG -DUSE_HAL_DRIVER -DSTM32F401xE -c -I../Core/Inc -I"D:/STM32_Workspace/RTOS_workspace/FreeRTOS_Tut/firmware/Lib/datetime" -I"D:/STM32_Workspace/RTOS_workspace/FreeRTOS_Tut/firmware/Lib/atc" -I"D:/STM32_Workspace/RTOS_workspace/FreeRTOS_Tut/firmware/Lib/gsm_v5" -I"D:/STM32_Workspace/RTOS_workspace/FreeRTOS_Tut/firmware/Lib/gsm_v5_ext" -I"D:/STM32_Workspace/RTOS_workspace/FreeRTOS_Tut/firmware/Lib/spa" -I"D:/STM32_Workspace/RTOS_workspace/FreeRTOS_Tut/firmware/FreeRTOS/include" -I"D:/STM32_Workspace/RTOS_workspace/FreeRTOS_Tut/firmware/FreeRTOS/portable/GCC/ARM_CM4F" -I../Drivers/STM32F4xx_HAL_Driver/Inc -I../Drivers/STM32F4xx_HAL_Driver/Inc/Legacy -I../Drivers/CMSIS/Device/ST/STM32F4xx/Include -I../Drivers/CMSIS/Include -O0 -ffunction-sections -fdata-sections -Wall -fstack-usage -fcyclomatic-complexity -MMD -MP -MF"FreeRTOS/tasks.d" -MT"FreeRTOS/tasks.o" --specs=nano.specs -mfpu=fpv4-sp-d16 -mfloat-abi=hard -mthumb -o "FreeRTOS/tasks.o"
arm-none-eabi-gcc "../FreeRTOS/timers.c" -mcpu=cortex-m4 -std=gnu11 -g3 -DDEBUG -DUSE_HAL_DRIVER -DSTM32F401xE -c -I../Core/Inc -I"D:/STM32_Workspace/RTOS_workspace/FreeRTOS_Tut/firmware/Lib/datetime" -I"D:/STM32_Workspace/RTOS_workspace/FreeRTOS_Tut/firmware/Lib/atc" -I"D:/STM32_Workspace/RTOS_workspace/FreeRTOS_Tut/firmware/Lib/gsm_v5" -I"D:/STM32_Workspace/RTOS_workspace/FreeRTOS_Tut/firmware/Lib/gsm_v5_ext" -I"D:/STM32_Workspace/RTOS_workspace/FreeRTOS_Tut/firmware/Lib/spa" -I"D:/STM32_Workspace/RTOS_workspace/FreeRTOS_Tut/firmware/FreeRTOS/include" -I"D:/STM32_Workspace/RTOS_workspace/FreeRTOS_Tut/firmware/FreeRTOS/portable/GCC/ARM_CM4F" -I../Drivers/STM32F4xx_HAL_Driver/Inc -I../Drivers/STM32F4xx_HAL_Driver/Inc/Legacy -I../Drivers/CMSIS/Device/ST/STM32F4xx/Include -I../Drivers/CMSIS/Include -O0 -ffunction-sections -fdata-sections -Wall -fstack-usage -fcyclomatic-complexity -MMD -MP -MF"FreeRTOS/timers.d" -MT"FreeRTOS/timers.o" --specs=nano.specs -mfpu=fpv4-sp-d16 -mfloat-abi=hard -mthumb -o "FreeRTOS/timers.o"
arm-none-eabi-gcc "../Drivers/STM32F4xx_HAL_Driver/Src/stm32f4xx_hal.c" -mcpu=cortex-m4 -std=gnu11 -g3 -DDEBUG -DUSE_HAL_DRIVER -DSTM32F401xE -c -I../Core/Inc -I"D:/STM32_Workspace/RTOS_workspace/FreeRTOS_Tut/firmware/Lib/datetime" -I"D:/STM32_Workspace/RTOS_workspace/FreeRTOS_Tut/firmware/Lib/atc" -I"D:/STM32_Workspace/RTOS_workspace/FreeRTOS_Tut/firmware/Lib/gsm_v5" -I"D:/STM32_Workspace/RTOS_workspace/FreeRTOS_Tut/firmware/Lib/gsm_v5_ext" -I"D:/STM32_Workspace/RTOS_workspace/FreeRTOS_Tut/firmware/Lib/spa" -I"D:/STM32_Workspace/RTOS_workspace/FreeRTOS_Tut/firmware/FreeRTOS/include" -I"D:/STM32_Workspace/RTOS_workspace/FreeRTOS_Tut/firmware/FreeRTOS/portable/GCC/ARM_CM4F" -I../Drivers/STM32F4xx_HAL_Driver/Inc -I../Drivers/STM32F4xx_HAL_Driver/Inc/Legacy -I../Drivers/CMSIS/Device/ST/STM32F4xx/Include -I../Drivers/CMSIS/Include -O0 -ffunction-sections -fdata-sections -Wall -fstack-usage -fcyclomatic-complexity -MMD -MP -MF"Drivers/STM32F4xx_HAL_Driver/Src/stm32f4xx_hal.d" -MT"Drivers/STM32F4xx_HAL_Driver/Src/stm32f4xx_hal.o" --specs=nano.specs -mfpu=fpv4-sp-d16 -mfloat-abi=hard -mthumb -o "Drivers/STM32F4xx_HAL_Driver/Src/stm32f4xx_hal.o"
arm-none-eabi-gcc "../Drivers/STM32F4xx_HAL_Driver/Src/stm32f4xx_hal_adc.c" -mcpu=cortex-m4 -std=gnu11 -g3 -DDEBUG -DUSE_HAL_DRIVER -DSTM32F401xE -c -I../Core/Inc -I"D:/STM32_Workspace/RTOS_workspace/FreeRTOS_Tut/firmware/Lib/datetime" -I"D:/STM32_Workspace/RTOS_workspace/FreeRTOS_Tut/firmware/Lib/atc" -I"D:/STM32_Workspace/RTOS_workspace/FreeRTOS_Tut/firmware/Lib/gsm_v5" -I"D:/STM32_Workspace/RTOS_workspace/FreeRTOS_Tut/firmware/Lib/gsm_v5_ext" -I"D:/STM32_Workspace/RTOS_workspace/FreeRTOS_Tut/firmware/Lib/spa" -I"D:/STM32_Workspace/RTOS_workspace/FreeRTOS_Tut/firmware/FreeRTOS/include" -I"D:/STM32_Workspace/RTOS_workspace/FreeRTOS_Tut/firmware/FreeRTOS/portable/GCC/ARM_CM4F" -I../Drivers/STM32F4xx_HAL_Driver/Inc -I../Drivers/STM32F4xx_HAL_Driver/Inc/Legacy -I../Drivers/CMSIS/Device/ST/STM32F4xx/Include -I../Drivers/CMSIS/Include -O0 -ffunction-sections -fdata-sections -Wall -fstack-usage -fcyclomatic-complexity -MMD -MP -MF"Drivers/STM32F4xx_HAL_Driver/Src/stm32f4xx_hal_adc.d" -MT"Drivers/STM32F4xx_HAL_Driver/Src/stm32f4xx_hal_adc.o" --specs=nano.specs -mfpu=fpv4-sp-d16 -mfloat-abi=hard -mthumb -o "Drivers/STM32F4xx_HAL_Driver/Src/stm32f4xx_hal_adc.o"
arm-none-eabi-gcc "../Drivers/STM32F4xx_HAL_Driver/Src/stm32f4xx_hal_adc_ex.c" -mcpu=cortex-m4 -std=gnu11 -g3 -DDEBUG -DUSE_HAL_DRIVER -DSTM32F401xE -c -I../Core/Inc -I"D:/STM32_Workspace/RTOS_workspace/FreeRTOS_Tut/firmware/Lib/datetime" -I"D:/STM32_Workspace/RTOS_workspace/FreeRTOS_Tut/firmware/Lib/atc" -I"D:/STM32_Workspace/RTOS_workspace/FreeRTOS_Tut/firmware/Lib/gsm_v5" -I"D:/STM32_Workspace/RTOS_workspace/FreeRTOS_Tut/firmware/Lib/gsm_v5_ext" -I"D:/STM32_Workspace/RTOS_workspace/FreeRTOS_Tut/firmware/Lib/spa" -I"D:/STM32_Workspace/RTOS_workspace/FreeRTOS_Tut/firmware/FreeRTOS/include" -I"D:/STM32_Workspace/RTOS_workspace/FreeRTOS_Tut/firmware/FreeRTOS/portable/GCC/ARM_CM4F" -I../Drivers/STM32F4xx_HAL_Driver/Inc -I../Drivers/STM32F4xx_HAL_Driver/Inc/Legacy -I../Drivers/CMSIS/Device/ST/STM32F4xx/Include -I../Drivers/CMSIS/Include -O0 -ffunction-sections -fdata-sections -Wall -fstack-usage -fcyclomatic-complexity -MMD -MP -MF"Drivers/STM32F4xx_HAL_Driver/Src/stm32f4xx_hal_adc_ex.d" -MT"Drivers/STM32F4xx_HAL_Driver/Src/stm32f4xx_hal_adc_ex.o" --specs=nano.specs -mfpu=fpv4-sp-d16 -mfloat-abi=hard -mthumb -o "Drivers/STM32F4xx_HAL_Driver/Src/stm32f4xx_hal_adc_ex.o"
arm-none-eabi-gcc "../Drivers/STM32F4xx_HAL_Driver/Src/stm32f4xx_hal_cortex.c" -mcpu=cortex-m4 -std=gnu11 -g3 -DDEBUG -DUSE_HAL_DRIVER -DSTM32F401xE -c -I../Core/Inc -I"D:/STM32_Workspace/RTOS_workspace/FreeRTOS_Tut/firmware/Lib/datetime" -I"D:/STM32_Workspace/RTOS_workspace/FreeRTOS_Tut/firmware/Lib/atc" -I"D:/STM32_Workspace/RTOS_workspace/FreeRTOS_Tut/firmware/Lib/gsm_v5" -I"D:/STM32_Workspace/RTOS_workspace/FreeRTOS_Tut/firmware/Lib/gsm_v5_ext" -I"D:/STM32_Workspace/RTOS_workspace/FreeRTOS_Tut/firmware/Lib/spa" -I"D:/STM32_Workspace/RTOS_workspace/FreeRTOS_Tut/firmware/FreeRTOS/include" -I"D:/STM32_Workspace/RTOS_workspace/FreeRTOS_Tut/firmware/FreeRTOS/portable/GCC/ARM_CM4F" -I../Drivers/STM32F4xx_HAL_Driver/Inc -I../Drivers/STM32F4xx_HAL_Driver/Inc/Legacy -I../Drivers/CMSIS/Device/ST/STM32F4xx/Include -I../Drivers/CMSIS/Include -O0 -ffunction-sections -fdata-sections -Wall -fstack-usage -fcyclomatic-complexity -MMD -MP -MF"Drivers/STM32F4xx_HAL_Driver/Src/stm32f4xx_hal_cortex.d" -MT"Drivers/STM32F4xx_HAL_Driver/Src/stm32f4xx_hal_cortex.o" --specs=nano.specs -mfpu=fpv4-sp-d16 -mfloat-abi=hard -mthumb -o "Drivers/STM32F4xx_HAL_Driver/Src/stm32f4xx_hal_cortex.o"
arm-none-eabi-gcc "../Drivers/STM32F4xx_HAL_Driver/Src/stm32f4xx_hal_dma.c" -mcpu=cortex-m4 -std=gnu11 -g3 -DDEBUG -DUSE_HAL_DRIVER -DSTM32F401xE -c -I../Core/Inc -I"D:/STM32_Workspace/RTOS_workspace/FreeRTOS_Tut/firmware/Lib/datetime" -I"D:/STM32_Workspace/RTOS_workspace/FreeRTOS_Tut/firmware/Lib/atc" -I"D:/STM32_Workspace/RTOS_workspace/FreeRTOS_Tut/firmware/Lib/gsm_v5" -I"D:/STM32_Workspace/RTOS_workspace/FreeRTOS_Tut/firmware/Lib/gsm_v5_ext" -I"D:/STM32_Workspace/RTOS_workspace/FreeRTOS_Tut/firmware/Lib/spa" -I"D:/STM32_Workspace/RTOS_workspace/FreeRTOS_Tut/firmware/FreeRTOS/include" -I"D:/STM32_Workspace/RTOS_workspace/FreeRTOS_Tut/firmware/FreeRTOS/portable/GCC/ARM_CM4F" -I../Drivers/STM32F4xx_HAL_Driver/Inc -I../Drivers/STM32F4xx_HAL_Driver/Inc/Legacy -I../Drivers/CMSIS/Device/ST/STM32F4xx/Include -I../Drivers/CMSIS/Include -O0 -ffunction-sections -fdata-sections -Wall -fstack-usage -fcyclomatic-complexity -MMD -MP -MF"Drivers/STM32F4xx_HAL_Driver/Src/stm32f4xx_hal_dma.d" -MT"Drivers/STM32F4xx_HAL_Driver/Src/stm32f4xx_hal_dma.o" --specs=nano.specs -mfpu=fpv4-sp-d16 -mfloat-abi=hard -mthumb -o "Drivers/STM32F4xx_HAL_Driver/Src/stm32f4xx_hal_dma.o"
arm-none-eabi-gcc "../Drivers/STM32F4xx_HAL_Driver/Src/stm32f4xx_hal_dma_ex.c" -mcpu=cortex-m4 -std=gnu11 -g3 -DDEBUG -DUSE_HAL_DRIVER -DSTM32F401xE -c -I../Core/Inc -I"D:/STM32_Workspace/RTOS_workspace/FreeRTOS_Tut/firmware/Lib/datetime" -I"D:/STM32_Workspace/RTOS_workspace/FreeRTOS_Tut/firmware/Lib/atc" -I"D:/STM32_Workspace/RTOS_workspace/FreeRTOS_Tut/firmware/Lib/gsm_v5" -I"D:/STM32_Workspace/RTOS_workspace/FreeRTOS_Tut/firmware/Lib/gsm_v5_ext" -I"D:/STM32_Workspace/RTOS_workspace/FreeRTOS_Tut/firmware/Lib/spa" -I"D:/STM32_Workspace/RTOS_workspace/FreeRTOS_Tut/firmware/FreeRTOS/include" -I"D:/STM32_Workspace/RTOS_workspace/FreeRTOS_Tut/firmware/FreeRTOS/portable/GCC/ARM_CM4F" -I../Drivers/STM32F4xx_HAL_Driver/Inc -I../Drivers/STM32F4xx_HAL_Driver/Inc/Legacy -I../Drivers/CMSIS/Device/ST/STM32F4xx/Include -I../Drivers/CMSIS/Include -O0 -ffunction-sections -fdata-sections -Wall -fstack-usage -fcyclomatic-complexity -MMD -MP -MF"Drivers/STM32F4xx_HAL_Driver/Src/stm32f4xx_hal_dma_ex.d" -MT"Drivers/STM32F4xx_HAL_Driver/Src/stm32f4xx_hal_dma_ex.o" --specs=nano.specs -mfpu=fpv4-sp-d16 -mfloat-abi=hard -mthumb -o "Drivers/STM32F4xx_HAL_Driver/Src/stm32f4xx_hal_dma_ex.o"
arm-none-eabi-gcc "../Drivers/STM32F4xx_HAL_Driver/Src/stm32f4xx_hal_exti.c" -mcpu=cortex-m4 -std=gnu11 -g3 -DDEBUG -DUSE_HAL_DRIVER -DSTM32F401xE -c -I../Core/Inc -I"D:/STM32_Workspace/RTOS_workspace/FreeRTOS_Tut/firmware/Lib/datetime" -I"D:/STM32_Workspace/RTOS_workspace/FreeRTOS_Tut/firmware/Lib/atc" -I"D:/STM32_Workspace/RTOS_workspace/FreeRTOS_Tut/firmware/Lib/gsm_v5" -I"D:/STM32_Workspace/RTOS_workspace/FreeRTOS_Tut/firmware/Lib/gsm_v5_ext" -I"D:/STM32_Workspace/RTOS_workspace/FreeRTOS_Tut/firmware/Lib/spa" -I"D:/STM32_Workspace/RTOS_workspace/FreeRTOS_Tut/firmware/FreeRTOS/include" -I"D:/STM32_Workspace/RTOS_workspace/FreeRTOS_Tut/firmware/FreeRTOS/portable/GCC/ARM_CM4F" -I../Drivers/STM32F4xx_HAL_Driver/Inc -I../Drivers/STM32F4xx_HAL_Driver/Inc/Legacy -I../Drivers/CMSIS/Device/ST/STM32F4xx/Include -I../Drivers/CMSIS/Include -O0 -ffunction-sections -fdata-sections -Wall -fstack-usage -fcyclomatic-complexity -MMD -MP -MF"Drivers/STM32F4xx_HAL_Driver/Src/stm32f4xx_hal_exti.d" -MT"Drivers/STM32F4xx_HAL_Driver/Src/stm32f4xx_hal_exti.o" --specs=nano.specs -mfpu=fpv4-sp-d16 -mfloat-abi=hard -mthumb -o "Drivers/STM32F4xx_HAL_Driver/Src/stm32f4xx_hal_exti.o"
arm-none-eabi-gcc "../Drivers/STM32F4xx_HAL_Driver/Src/stm32f4xx_hal_flash.c" -mcpu=cortex-m4 -std=gnu11 -g3 -DDEBUG -DUSE_HAL_DRIVER -DSTM32F401xE -c -I../Core/Inc -I"D:/STM32_Workspace/RTOS_workspace/FreeRTOS_Tut/firmware/Lib/datetime" -I"D:/STM32_Workspace/RTOS_workspace/FreeRTOS_Tut/firmware/Lib/atc" -I"D:/STM32_Workspace/RTOS_workspace/FreeRTOS_Tut/firmware/Lib/gsm_v5" -I"D:/STM32_Workspace/RTOS_workspace/FreeRTOS_Tut/firmware/Lib/gsm_v5_ext" -I"D:/STM32_Workspace/RTOS_workspace/FreeRTOS_Tut/firmware/Lib/spa" -I"D:/STM32_Workspace/RTOS_workspace/FreeRTOS_Tut/firmware/FreeRTOS/include" -I"D:/STM32_Workspace/RTOS_workspace/FreeRTOS_Tut/firmware/FreeRTOS/portable/GCC/ARM_CM4F" -I../Drivers/STM32F4xx_HAL_Driver/Inc -I../Drivers/STM32F4xx_HAL_Driver/Inc/Legacy -I../Drivers/CMSIS/Device/ST/STM32F4xx/Include -I../Drivers/CMSIS/Include -O0 -ffunction-sections -fdata-sections -Wall -fstack-usage -fcyclomatic-complexity -MMD -MP -MF"Drivers/STM32F4xx_HAL_Driver/Src/stm32f4xx_hal_flash.d" -MT"Drivers/STM32F4xx_HAL_Driver/Src/stm32f4xx_hal_flash.o" --specs=nano.specs -mfpu=fpv4-sp-d16 -mfloat-abi=hard -mthumb -o "Drivers/STM32F4xx_HAL_Driver/Src/stm32f4xx_hal_flash.o"
arm-none-eabi-gcc "../Drivers/STM32F4xx_HAL_Driver/Src/stm32f4xx_hal_flash_ex.c" -mcpu=cortex-m4 -std=gnu11 -g3 -DDEBUG -DUSE_HAL_DRIVER -DSTM32F401xE -c -I../Core/Inc -I"D:/STM32_Workspace/RTOS_workspace/FreeRTOS_Tut/firmware/Lib/datetime" -I"D:/STM32_Workspace/RTOS_workspace/FreeRTOS_Tut/firmware/Lib/atc" -I"D:/STM32_Workspace/RTOS_workspace/FreeRTOS_Tut/firmware/Lib/gsm_v5" -I"D:/STM32_Workspace/RTOS_workspace/FreeRTOS_Tut/firmware/Lib/gsm_v5_ext" -I"D:/STM32_Workspace/RTOS_workspace/FreeRTOS_Tut/firmware/Lib/spa" -I"D:/STM32_Workspace/RTOS_workspace/FreeRTOS_Tut/firmware/FreeRTOS/include" -I"D:/STM32_Workspace/RTOS_workspace/FreeRTOS_Tut/firmware/FreeRTOS/portable/GCC/ARM_CM4F" -I../Drivers/STM32F4xx_HAL_Driver/Inc -I../Drivers/STM32F4xx_HAL_Driver/Inc/Legacy -I../Drivers/CMSIS/Device/ST/STM32F4xx/Include -I../Drivers/CMSIS/Include -O0 -ffunction-sections -fdata-sections -Wall -fstack-usage -fcyclomatic-complexity -MMD -MP -MF"Drivers/STM32F4xx_HAL_Driver/Src/stm32f4xx_hal_flash_ex.d" -MT"Drivers/STM32F4xx_HAL_Driver/Src/stm32f4xx_hal_flash_ex.o" --specs=nano.specs -mfpu=fpv4-sp-d16 -mfloat-abi=hard -mthumb -o "Drivers/STM32F4xx_HAL_Driver/Src/stm32f4xx_hal_flash_ex.o"
arm-none-eabi-gcc "../Drivers/STM32F4xx_HAL_Driver/Src/stm32f4xx_hal_flash_ramfunc.c" -mcpu=cortex-m4 -std=gnu11 -g3 -DDEBUG -DUSE_HAL_DRIVER -DSTM32F401xE -c -I../Core/Inc -I"D:/STM32_Workspace/RTOS_workspace/FreeRTOS_Tut/firmware/Lib/datetime" -I"D:/STM32_Workspace/RTOS_workspace/FreeRTOS_Tut/firmware/Lib/atc" -I"D:/STM32_Workspace/RTOS_workspace/FreeRTOS_Tut/firmware/Lib/gsm_v5" -I"D:/STM32_Workspace/RTOS_workspace/FreeRTOS_Tut/firmware/Lib/gsm_v5_ext" -I"D:/STM32_Workspace/RTOS_workspace/FreeRTOS_Tut/firmware/Lib/spa" -I"D:/STM32_Workspace/RTOS_workspace/FreeRTOS_Tut/firmware/FreeRTOS/include" -I"D:/STM32_Workspace/RTOS_workspace/FreeRTOS_Tut/firmware/FreeRTOS/portable/GCC/ARM_CM4F" -I../Drivers/STM32F4xx_HAL_Driver/Inc -I../Drivers/STM32F4xx_HAL_Driver/Inc/Legacy -I../Drivers/CMSIS/Device/ST/STM32F4xx/Include -I../Drivers/CMSIS/Include -O0 -ffunction-sections -fdata-sections -Wall -fstack-usage -fcyclomatic-complexity -MMD -MP -MF"Drivers/STM32F4xx_HAL_Driver/Src/stm32f4xx_hal_flash_ramfunc.d" -MT"Drivers/STM32F4xx_HAL_Driver/Src/stm32f4xx_hal_flash_ramfunc.o" --specs=nano.specs -mfpu=fpv4-sp-d16 -mfloat-abi=hard -mthumb -o "Drivers/STM32F4xx_HAL_Driver/Src/stm32f4xx_hal_flash_ramfunc.o"
arm-none-eabi-gcc "../Drivers/STM32F4xx_HAL_Driver/Src/stm32f4xx_hal_gpio.c" -mcpu=cortex-m4 -std=gnu11 -g3 -DDEBUG -DUSE_HAL_DRIVER -DSTM32F401xE -c -I../Core/Inc -I"D:/STM32_Workspace/RTOS_workspace/FreeRTOS_Tut/firmware/Lib/datetime" -I"D:/STM32_Workspace/RTOS_workspace/FreeRTOS_Tut/firmware/Lib/atc" -I"D:/STM32_Workspace/RTOS_workspace/FreeRTOS_Tut/firmware/Lib/gsm_v5" -I"D:/STM32_Workspace/RTOS_workspace/FreeRTOS_Tut/firmware/Lib/gsm_v5_ext" -I"D:/STM32_Workspace/RTOS_workspace/FreeRTOS_Tut/firmware/Lib/spa" -I"D:/STM32_Workspace/RTOS_workspace/FreeRTOS_Tut/firmware/FreeRTOS/include" -I"D:/STM32_Workspace/RTOS_workspace/FreeRTOS_Tut/firmware/FreeRTOS/portable/GCC/ARM_CM4F" -I../Drivers/STM32F4xx_HAL_Driver/Inc -I../Drivers/STM32F4xx_HAL_Driver/Inc/Legacy -I../Drivers/CMSIS/Device/ST/STM32F4xx/Include -I../Drivers/CMSIS/Include -O0 -ffunction-sections -fdata-sections -Wall -fstack-usage -fcyclomatic-complexity -MMD -MP -MF"Drivers/STM32F4xx_HAL_Driver/Src/stm32f4xx_hal_gpio.d" -MT"Drivers/STM32F4xx_HAL_Driver/Src/stm32f4xx_hal_gpio.o" --specs=nano.specs -mfpu=fpv4-sp-d16 -mfloat-abi=hard -mthumb -o "Drivers/STM32F4xx_HAL_Driver/Src/stm32f4xx_hal_gpio.o"
arm-none-eabi-gcc "../Drivers/STM32F4xx_HAL_Driver/Src/stm32f4xx_hal_i2c.c" -mcpu=cortex-m4 -std=gnu11 -g3 -DDEBUG -DUSE_HAL_DRIVER -DSTM32F401xE -c -I../Core/Inc -I"D:/STM32_Workspace/RTOS_workspace/FreeRTOS_Tut/firmware/Lib/datetime" -I"D:/STM32_Workspace/RTOS_workspace/FreeRTOS_Tut/firmware/Lib/atc" -I"D:/STM32_Workspace/RTOS_workspace/FreeRTOS_Tut/firmware/Lib/gsm_v5" -I"D:/STM32_Workspace/RTOS_workspace/FreeRTOS_Tut/firmware/Lib/gsm_v5_ext" -I"D:/STM32_Workspace/RTOS_workspace/FreeRTOS_Tut/firmware/Lib/spa" -I"D:/STM32_Workspace/RTOS_workspace/FreeRTOS_Tut/firmware/FreeRTOS/include" -I"D:/STM32_Workspace/RTOS_workspace/FreeRTOS_Tut/firmware/FreeRTOS/portable/GCC/ARM_CM4F" -I../Drivers/STM32F4xx_HAL_Driver/Inc -I../Drivers/STM32F4xx_HAL_Driver/Inc/Legacy -I../Drivers/CMSIS/Device/ST/STM32F4xx/Include -I../Drivers/CMSIS/Include -O0 -ffunction-sections -fdata-sections -Wall -fstack-usage -fcyclomatic-complexity -MMD -MP -MF"Drivers/STM32F4xx_HAL_Driver/Src/stm32f4xx_hal_i2c.d" -MT"Drivers/STM32F4xx_HAL_Driver/Src/stm32f4xx_hal_i2c.o" --specs=nano.specs -mfpu=fpv4-sp-d16 -mfloat-abi=hard -mthumb -o "Drivers/STM32F4xx_HAL_Driver/Src/stm32f4xx_hal_i2c.o"
arm-none-eabi-gcc "../Drivers/STM32F4xx_HAL_Driver/Src/stm32f4xx_hal_i2c_ex.c" -mcpu=cortex-m4 -std=gnu11 -g3 -DDEBUG -DUSE_HAL_DRIVER -DSTM32F401xE -c -I../Core/Inc -I"D:/STM32_Workspace/RTOS_workspace/FreeRTOS_Tut/firmware/Lib/datetime" -I"D:/STM32_Workspace/RTOS_workspace/FreeRTOS_Tut/firmware/Lib/atc" -I"D:/STM32_Workspace/RTOS_workspace/FreeRTOS_Tut/firmware/Lib/gsm_v5" -I"D:/STM32_Workspace/RTOS_workspace/FreeRTOS_Tut/firmware/Lib/gsm_v5_ext" -I"D:/STM32_Workspace/RTOS_workspace/FreeRTOS_Tut/firmware/Lib/spa" -I"D:/STM32_Workspace/RTOS_workspace/FreeRTOS_Tut/firmware/FreeRTOS/include" -I"D:/STM32_Workspace/RTOS_workspace/FreeRTOS_Tut/firmware/FreeRTOS/portable/GCC/ARM_CM4F" -I../Drivers/STM32F4xx_HAL_Driver/Inc -I../Drivers/STM32F4xx_HAL_Driver/Inc/Legacy -I../Drivers/CMSIS/Device/ST/STM32F4xx/Include -I../Drivers/CMSIS/Include -O0 -ffunction-sections -fdata-sections -Wall -fstack-usage -fcyclomatic-complexity -MMD -MP -MF"Drivers/STM32F4xx_HAL_Driver/Src/stm32f4xx_hal_i2c_ex.d" -MT"Drivers/STM32F4xx_HAL_Driver/Src/stm32f4xx_hal_i2c_ex.o" --specs=nano.specs -mfpu=fpv4-sp-d16 -mfloat-abi=hard -mthumb -o "Drivers/STM32F4xx_HAL_Driver/Src/stm32f4xx_hal_i2c_ex.o"
arm-none-eabi-gcc "../Drivers/STM32F4xx_HAL_Driver/Src/stm32f4xx_hal_pwr.c" -mcpu=cortex-m4 -std=gnu11 -g3 -DDEBUG -DUSE_HAL_DRIVER -DSTM32F401xE -c -I../Core/Inc -I"D:/STM32_Workspace/RTOS_workspace/FreeRTOS_Tut/firmware/Lib/datetime" -I"D:/STM32_Workspace/RTOS_workspace/FreeRTOS_Tut/firmware/Lib/atc" -I"D:/STM32_Workspace/RTOS_workspace/FreeRTOS_Tut/firmware/Lib/gsm_v5" -I"D:/STM32_Workspace/RTOS_workspace/FreeRTOS_Tut/firmware/Lib/gsm_v5_ext" -I"D:/STM32_Workspace/RTOS_workspace/FreeRTOS_Tut/firmware/Lib/spa" -I"D:/STM32_Workspace/RTOS_workspace/FreeRTOS_Tut/firmware/FreeRTOS/include" -I"D:/STM32_Workspace/RTOS_workspace/FreeRTOS_Tut/firmware/FreeRTOS/portable/GCC/ARM_CM4F" -I../Drivers/STM32F4xx_HAL_Driver/Inc -I../Drivers/STM32F4xx_HAL_Driver/Inc/Legacy -I../Drivers/CMSIS/Device/ST/STM32F4xx/Include -I../Drivers/CMSIS/Include -O0 -ffunction-sections -fdata-sections -Wall -fstack-usage -fcyclomatic-complexity -MMD -MP -MF"Drivers/STM32F4xx_HAL_Driver/Src/stm32f4xx_hal_pwr.d" -MT"Drivers/STM32F4xx_HAL_Driver/Src/stm32f4xx_hal_pwr.o" --specs=nano.specs -mfpu=fpv4-sp-d16 -mfloat-abi=hard -mthumb -o "Drivers/STM32F4xx_HAL_Driver/Src/stm32f4xx_hal_pwr.o"
arm-none-eabi-gcc "../Drivers/STM32F4xx_HAL_Driver/Src/stm32f4xx_hal_pwr_ex.c" -mcpu=cortex-m4 -std=gnu11 -g3 -DDEBUG -DUSE_HAL_DRIVER -DSTM32F401xE -c -I../Core/Inc -I"D:/STM32_Workspace/RTOS_workspace/FreeRTOS_Tut/firmware/Lib/datetime" -I"D:/STM32_Workspace/RTOS_workspace/FreeRTOS_Tut/firmware/Lib/atc" -I"D:/STM32_Workspace/RTOS_workspace/FreeRTOS_Tut/firmware/Lib/gsm_v5" -I"D:/STM32_Workspace/RTOS_workspace/FreeRTOS_Tut/firmware/Lib/gsm_v5_ext" -I"D:/STM32_Workspace/RTOS_workspace/FreeRTOS_Tut/firmware/Lib/spa" -I"D:/STM32_Workspace/RTOS_workspace/FreeRTOS_Tut/firmware/FreeRTOS/include" -I"D:/STM32_Workspace/RTOS_workspace/FreeRTOS_Tut/firmware/FreeRTOS/portable/GCC/ARM_CM4F" -I../Drivers/STM32F4xx_HAL_Driver/Inc -I../Drivers/STM32F4xx_HAL_Driver/Inc/Legacy -I../Drivers/CMSIS/Device/ST/STM32F4xx/Include -I../Drivers/CMSIS/Include -O0 -ffunction-sections -fdata-sections -Wall -fstack-usage -fcyclomatic-complexity -MMD -MP -MF"Drivers/STM32F4xx_HAL_Driver/Src/stm32f4xx_hal_pwr_ex.d" -MT"Drivers/STM32F4xx_HAL_Driver/Src/stm32f4xx_hal_pwr_ex.o" --specs=nano.specs -mfpu=fpv4-sp-d16 -mfloat-abi=hard -mthumb -o "Drivers/STM32F4xx_HAL_Driver/Src/stm32f4xx_hal_pwr_ex.o"
arm-none-eabi-gcc "../Drivers/STM32F4xx_HAL_Driver/Src/stm32f4xx_hal_rcc.c" -mcpu=cortex-m4 -std=gnu11 -g3 -DDEBUG -DUSE_HAL_DRIVER -DSTM32F401xE -c -I../Core/Inc -I"D:/STM32_Workspace/RTOS_workspace/FreeRTOS_Tut/firmware/Lib/datetime" -I"D:/STM32_Workspace/RTOS_workspace/FreeRTOS_Tut/firmware/Lib/atc" -I"D:/STM32_Workspace/RTOS_workspace/FreeRTOS_Tut/firmware/Lib/gsm_v5" -I"D:/STM32_Workspace/RTOS_workspace/FreeRTOS_Tut/firmware/Lib/gsm_v5_ext" -I"D:/STM32_Workspace/RTOS_workspace/FreeRTOS_Tut/firmware/Lib/spa" -I"D:/STM32_Workspace/RTOS_workspace/FreeRTOS_Tut/firmware/FreeRTOS/include" -I"D:/STM32_Workspace/RTOS_workspace/FreeRTOS_Tut/firmware/FreeRTOS/portable/GCC/ARM_CM4F" -I../Drivers/STM32F4xx_HAL_Driver/Inc -I../Drivers/STM32F4xx_HAL_Driver/Inc/Legacy -I../Drivers/CMSIS/Device/ST/STM32F4xx/Include -I../Drivers/CMSIS/Include -O0 -ffunction-sections -fdata-sections -Wall -fstack-usage -fcyclomatic-complexity -MMD -MP -MF"Drivers/STM32F4xx_HAL_Driver/Src/stm32f4xx_hal_rcc.d" -MT"Drivers/STM32F4xx_HAL_Driver/Src/stm32f4xx_hal_rcc.o" --specs=nano.specs -mfpu=fpv4-sp-d16 -mfloat-abi=hard -mthumb -o "Drivers/STM32F4xx_HAL_Driver/Src/stm32f4xx_hal_rcc.o"
arm-none-eabi-gcc "../Drivers/STM32F4xx_HAL_Driver/Src/stm32f4xx_hal_rcc_ex.c" -mcpu=cortex-m4 -std=gnu11 -g3 -DDEBUG -DUSE_HAL_DRIVER -DSTM32F401xE -c -I../Core/Inc -I"D:/STM32_Workspace/RTOS_workspace/FreeRTOS_Tut/firmware/Lib/datetime" -I"D:/STM32_Workspace/RTOS_workspace/FreeRTOS_Tut/firmware/Lib/atc" -I"D:/STM32_Workspace/RTOS_workspace/FreeRTOS_Tut/firmware/Lib/gsm_v5" -I"D:/STM32_Workspace/RTOS_workspace/FreeRTOS_Tut/firmware/Lib/gsm_v5_ext" -I"D:/STM32_Workspace/RTOS_workspace/FreeRTOS_Tut/firmware/Lib/spa" -I"D:/STM32_Workspace/RTOS_workspace/FreeRTOS_Tut/firmware/FreeRTOS/include" -I"D:/STM32_Workspace/RTOS_workspace/FreeRTOS_Tut/firmware/FreeRTOS/portable/GCC/ARM_CM4F" -I../Drivers/STM32F4xx_HAL_Driver/Inc -I../Drivers/STM32F4xx_HAL_Driver/Inc/Legacy -I../Drivers/CMSIS/Device/ST/STM32F4xx/Include -I../Drivers/CMSIS/Include -O0 -ffunction-sections -fdata-sections -Wall -fstack-usage -fcyclomatic-complexity -MMD -MP -MF"Drivers/STM32F4xx_HAL_Driver/Src/stm32f4xx_hal_rcc_ex.d" -MT"Drivers/STM32F4xx_HAL_Driver/Src/stm32f4xx_hal_rcc_ex.o" --specs=nano.specs -mfpu=fpv4-sp-d16 -mfloat-abi=hard -mthumb -o "Drivers/STM32F4xx_HAL_Driver/Src/stm32f4xx_hal_rcc_ex.o"
arm-none-eabi-gcc "../Drivers/STM32F4xx_HAL_Driver/Src/stm32f4xx_hal_tim.c" -mcpu=cortex-m4 -std=gnu11 -g3 -DDEBUG -DUSE_HAL_DRIVER -DSTM32F401xE -c -I../Core/Inc -I"D:/STM32_Workspace/RTOS_workspace/FreeRTOS_Tut/firmware/Lib/datetime" -I"D:/STM32_Workspace/RTOS_workspace/FreeRTOS_Tut/firmware/Lib/atc" -I"D:/STM32_Workspace/RTOS_workspace/FreeRTOS_Tut/firmware/Lib/gsm_v5" -I"D:/STM32_Workspace/RTOS_workspace/FreeRTOS_Tut/firmware/Lib/gsm_v5_ext" -I"D:/STM32_Workspace/RTOS_workspace/FreeRTOS_Tut/firmware/Lib/spa" -I"D:/STM32_Workspace/RTOS_workspace/FreeRTOS_Tut/firmware/FreeRTOS/include" -I"D:/STM32_Workspace/RTOS_workspace/FreeRTOS_Tut/firmware/FreeRTOS/portable/GCC/ARM_CM4F" -I../Drivers/STM32F4xx_HAL_Driver/Inc -I../Drivers/STM32F4xx_HAL_Driver/Inc/Legacy -I../Drivers/CMSIS/Device/ST/STM32F4xx/Include -I../Drivers/CMSIS/Include -O0 -ffunction-sections -fdata-sections -Wall -fstack-usage -fcyclomatic-complexity -MMD -MP -MF"Drivers/STM32F4xx_HAL_Driver/Src/stm32f4xx_hal_tim.d" -MT"Drivers/STM32F4xx_HAL_Driver/Src/stm32f4xx_hal_tim.o" --specs=nano.specs -mfpu=fpv4-sp-d16 -mfloat-abi=hard -mthumb -o "Drivers/STM32F4xx_HAL_Driver/Src/stm32f4xx_hal_tim.o"
arm-none-eabi-gcc "../Drivers/STM32F4xx_HAL_Driver/Src/stm32f4xx_hal_tim_ex.c" -mcpu=cortex-m4 -std=gnu11 -g3 -DDEBUG -DUSE_HAL_DRIVER -DSTM32F401xE -c -I../Core/Inc -I"D:/STM32_Workspace/RTOS_workspace/FreeRTOS_Tut/firmware/Lib/datetime" -I"D:/STM32_Workspace/RTOS_workspace/FreeRTOS_Tut/firmware/Lib/atc" -I"D:/STM32_Workspace/RTOS_workspace/FreeRTOS_Tut/firmware/Lib/gsm_v5" -I"D:/STM32_Workspace/RTOS_workspace/FreeRTOS_Tut/firmware/Lib/gsm_v5_ext" -I"D:/STM32_Workspace/RTOS_workspace/FreeRTOS_Tut/firmware/Lib/spa" -I"D:/STM32_Workspace/RTOS_workspace/FreeRTOS_Tut/firmware/FreeRTOS/include" -I"D:/STM32_Workspace/RTOS_workspace/FreeRTOS_Tut/firmware/FreeRTOS/portable/GCC/ARM_CM4F" -I../Drivers/STM32F4xx_HAL_Driver/Inc -I../Drivers/STM32F4xx_HAL_Driver/Inc/Legacy -I../Drivers/CMSIS/Device/ST/STM32F4xx/Include -I../Drivers/CMSIS/Include -O0 -ffunction-sections -fdata-sections -Wall -fstack-usage -fcyclomatic-complexity -MMD -MP -MF"Drivers/STM32F4xx_HAL_Driver/Src/stm32f4xx_hal_tim_ex.d" -MT"Drivers/STM32F4xx_HAL_Driver/Src/stm32f4xx_hal_tim_ex.o" --specs=nano.specs -mfpu=fpv4-sp-d16 -mfloat-abi=hard -mthumb -o "Drivers/STM32F4xx_HAL_Driver/Src/stm32f4xx_hal_tim_ex.o"
arm-none-eabi-gcc "../Drivers/STM32F4xx_HAL_Driver/Src/stm32f4xx_hal_uart.c" -mcpu=cortex-m4 -std=gnu11 -g3 -DDEBUG -DUSE_HAL_DRIVER -DSTM32F401xE -c -I../Core/Inc -I"D:/STM32_Workspace/RTOS_workspace/FreeRTOS_Tut/firmware/Lib/datetime" -I"D:/STM32_Workspace/RTOS_workspace/FreeRTOS_Tut/firmware/Lib/atc" -I"D:/STM32_Workspace/RTOS_workspace/FreeRTOS_Tut/firmware/Lib/gsm_v5" -I"D:/STM32_Workspace/RTOS_workspace/FreeRTOS_Tut/firmware/Lib/gsm_v5_ext" -I"D:/STM32_Workspace/RTOS_workspace/FreeRTOS_Tut/firmware/Lib/spa" -I"D:/STM32_Workspace/RTOS_workspace/FreeRTOS_Tut/firmware/FreeRTOS/include" -I"D:/STM32_Workspace/RTOS_workspace/FreeRTOS_Tut/firmware/FreeRTOS/portable/GCC/ARM_CM4F" -I../Drivers/STM32F4xx_HAL_Driver/Inc -I../Drivers/STM32F4xx_HAL_Driver/Inc/Legacy -I../Drivers/CMSIS/Device/ST/STM32F4xx/Include -I../Drivers/CMSIS/Include -O0 -ffunction-sections -fdata-sections -Wall -fstack-usage -fcyclomatic-complexity -MMD -MP -MF"Drivers/STM32F4xx_HAL_Driver/Src/stm32f4xx_hal_uart.d" -MT"Drivers/STM32F4xx_HAL_Driver/Src/stm32f4xx_hal_uart.o" --specs=nano.specs -mfpu=fpv4-sp-d16 -mfloat-abi=hard -mthumb -o "Drivers/STM32F4xx_HAL_Driver/Src/stm32f4xx_hal_uart.o"
arm-none-eabi-gcc "../Drivers/STM32F4xx_HAL_Driver/Src/stm32f4xx_ll_adc.c" -mcpu=cortex-m4 -std=gnu11 -g3 -DDEBUG -DUSE_HAL_DRIVER -DSTM32F401xE -c -I../Core/Inc -I"D:/STM32_Workspace/RTOS_workspace/FreeRTOS_Tut/firmware/Lib/datetime" -I"D:/STM32_Workspace/RTOS_workspace/FreeRTOS_Tut/firmware/Lib/atc" -I"D:/STM32_Workspace/RTOS_workspace/FreeRTOS_Tut/firmware/Lib/gsm_v5" -I"D:/STM32_Workspace/RTOS_workspace/FreeRTOS_Tut/firmware/Lib/gsm_v5_ext" -I"D:/STM32_Workspace/RTOS_workspace/FreeRTOS_Tut/firmware/Lib/spa" -I"D:/STM32_Workspace/RTOS_workspace/FreeRTOS_Tut/firmware/FreeRTOS/include" -I"D:/STM32_Workspace/RTOS_workspace/FreeRTOS_Tut/firmware/FreeRTOS/portable/GCC/ARM_CM4F" -I../Drivers/STM32F4xx_HAL_Driver/Inc -I../Drivers/STM32F4xx_HAL_Driver/Inc/Legacy -I../Drivers/CMSIS/Device/ST/STM32F4xx/Include -I../Drivers/CMSIS/Include -O0 -ffunction-sections -fdata-sections -Wall -fstack-usage -fcyclomatic-complexity -MMD -MP -MF"Drivers/STM32F4xx_HAL_Driver/Src/stm32f4xx_ll_adc.d" -MT"Drivers/STM32F4xx_HAL_Driver/Src/stm32f4xx_ll_adc.o" --specs=nano.specs -mfpu=fpv4-sp-d16 -mfloat-abi=hard -mthumb -o "Drivers/STM32F4xx_HAL_Driver/Src/stm32f4xx_ll_adc.o"
arm-none-eabi-gcc -mcpu=cortex-m4 -g3 -DDEBUG -c -x assembler-with-cpp -MMD -MP -MF"Core/Startup/startup_stm32f401retx.d" -MT"Core/Startup/startup_stm32f401retx.o" --specs=nano.specs -mfpu=fpv4-sp-d16 -mfloat-abi=hard -mthumb -o "Core/Startup/startup_stm32f401retx.o" "../Core/Startup/startup_stm32f401retx.s"
arm-none-eabi-gcc "../Core/Src/enl_adc_app_task.c" -mcpu=cortex-m4 -std=gnu11 -g3 -DDEBUG -DUSE_HAL_DRIVER -DSTM32F401xE -c -I../Core/Inc -I"D:/STM32_Workspace/RTOS_workspace/FreeRTOS_Tut/firmware/Lib/datetime" -I"D:/STM32_Workspace/RTOS_workspace/FreeRTOS_Tut/firmware/Lib/atc" -I"D:/STM32_Workspace/RTOS_workspace/FreeRTOS_Tut/firmware/Lib/gsm_v5" -I"D:/STM32_Workspace/RTOS_workspace/FreeRTOS_Tut/firmware/Lib/gsm_v5_ext" -I"D:/STM32_Workspace/RTOS_workspace/FreeRTOS_Tut/firmware/Lib/spa" -I"D:/STM32_Workspace/RTOS_workspace/FreeRTOS_Tut/firmware/FreeRTOS/include" -I"D:/STM32_Workspace/RTOS_workspace/FreeRTOS_Tut/firmware/FreeRTOS/portable/GCC/ARM_CM4F" -I../Drivers/STM32F4xx_HAL_Driver/Inc -I../Drivers/STM32F4xx_HAL_Driver/Inc/Legacy -I../Drivers/CMSIS/Device/ST/STM32F4xx/Include -I../Drivers/CMSIS/Include -O0 -ffunction-sections -fdata-sections -Wall -fstack-usage -fcyclomatic-complexity -MMD -MP -MF"Core/Src/enl_adc_app_task.d" -MT"Core/Src/enl_adc_app_task.o" --specs=nano.specs -mfpu=fpv4-sp-d16 -mfloat-abi=hard -mthumb -o "Core/Src/enl_adc_app_task.o"
arm-none-eabi-gcc "../Core/Src/enl_adc_drv_task.c" -mcpu=cortex-m4 -std=gnu11 -g3 -DDEBUG -DUSE_HAL_DRIVER -DSTM32F401xE -c -I../Core/Inc -I"D:/STM32_Workspace/RTOS_workspace/FreeRTOS_Tut/firmware/Lib/datetime" -I"D:/STM32_Workspace/RTOS_workspace/FreeRTOS_Tut/firmware/Lib/atc" -I"D:/STM32_Workspace/RTOS_workspace/FreeRTOS_Tut/firmware/Lib/gsm_v5" -I"D:/STM32_Workspace/RTOS_workspace/FreeRTOS_Tut/firmware/Lib/gsm_v5_ext" -I"D:/STM32_Workspace/RTOS_workspace/FreeRTOS_Tut/firmware/Lib/spa" -I"D:/STM32_Workspace/RTOS_workspace/FreeRTOS_Tut/firmware/FreeRTOS/include" -I"D:/STM32_Workspace/RTOS_workspace/FreeRTOS_Tut/firmware/FreeRTOS/portable/GCC/ARM_CM4F" -I../Drivers/STM32F4xx_HAL_Driver/Inc -I../Drivers/STM32F4xx_HAL_Driver/Inc/Legacy -I../Drivers/CMSIS/Device/ST/STM32F4xx/Include -I../Drivers/CMSIS/Include -O0 -ffunction-sections -fdata-sections -Wall -fstack-usage -fcyclomatic-complexity -MMD -MP -MF"Core/Src/enl_adc_drv_task.d" -MT"Core/Src/enl_adc_drv_task.o" --specs=nano.specs -mfpu=fpv4-sp-d16 -mfloat-abi=hard -mthumb -o "Core/Src/enl_adc_drv_task.o"
arm-none-eabi-gcc "../Core/Src/enl_adc_drv_utl.c" -mcpu=cortex-m4 -std=gnu11 -g3 -DDEBUG -DUSE_HAL_DRIVER -DSTM32F401xE -c -I../Core/Inc -I"D:/STM32_Workspace/RTOS_workspace/FreeRTOS_Tut/firmware/Lib/datetime" -I"D:/STM32_Workspace/RTOS_workspace/FreeRTOS_Tut/firmware/Lib/atc" -I"D:/STM32_Workspace/RTOS_workspace/FreeRTOS_Tut/firmware/Lib/gsm_v5" -I"D:/STM32_Workspace/RTOS_workspace/FreeRTOS_Tut/firmware/Lib/gsm_v5_ext" -I"D:/STM32_Workspace/RTOS_workspace/FreeRTOS_Tut/firmware/Lib/spa" -I"D:/STM32_Workspace/RTOS_workspace/FreeRTOS_Tut/firmware/FreeRTOS/include" -I"D:/STM32_Workspace/RTOS_workspace/FreeRTOS_Tut/firmware/FreeRTOS/portable/GCC/ARM_CM4F" -I../Drivers/STM32F4xx_HAL_Driver/Inc -I../Drivers/STM32F4xx_HAL_Driver/Inc/Legacy -I../Drivers/CMSIS/Device/ST/STM32F4xx/Include -I../Drivers/CMSIS/Include -O0 -ffunction-sections -fdata-sections -Wall -fstack-usage -fcyclomatic-complexity -MMD -MP -MF"Core/Src/enl_adc_drv_utl.d" -MT"Core/Src/enl_adc_drv_utl.o" --specs=nano.specs -mfpu=fpv4-sp-d16 -mfloat-abi=hard -mthumb -o "Core/Src/enl_adc_drv_utl.o"
arm-none-eabi-gcc "../Core/Src/enl_auto_lamp_ctrl_app_utl.c" -mcpu=cortex-m4 -std=gnu11 -g3 -DDEBUG -DUSE_HAL_DRIVER -DSTM32F401xE -c -I../Core/Inc -I"D:/STM32_Workspace/RTOS_workspace/FreeRTOS_Tut/firmware/Lib/datetime" -I"D:/STM32_Workspace/RTOS_workspace/FreeRTOS_Tut/firmware/Lib/atc" -I"D:/STM32_Workspace/RTOS_workspace/FreeRTOS_Tut/firmware/Lib/gsm_v5" -I"D:/STM32_Workspace/RTOS_workspace/FreeRTOS_Tut/firmware/Lib/gsm_v5_ext" -I"D:/STM32_Workspace/RTOS_workspace/FreeRTOS_Tut/firmware/Lib/spa" -I"D:/STM32_Workspace/RTOS_workspace/FreeRTOS_Tut/firmware/FreeRTOS/include" -I"D:/STM32_Workspace/RTOS_workspace/FreeRTOS_Tut/firmware/FreeRTOS/portable/GCC/ARM_CM4F" -I../Drivers/STM32F4xx_HAL_Driver/Inc -I../Drivers/STM32F4xx_HAL_Driver/Inc/Legacy -I../Drivers/CMSIS/Device/ST/STM32F4xx/Include -I../Drivers/CMSIS/Include -O0 -ffunction-sections -fdata-sections -Wall -fstack-usage -fcyclomatic-complexity -MMD -MP -MF"Core/Src/enl_auto_lamp_ctrl_app_utl.d" -MT"Core/Src/enl_auto_lamp_ctrl_app_utl.o" --specs=nano.specs -mfpu=fpv4-sp-d16 -mfloat-abi=hard -mthumb -o "Core/Src/enl_auto_lamp_ctrl_app_utl.o"
arm-none-eabi-gcc "../Core/Src/enl_auto_lmp_ctrl_app_task.c" -mcpu=cortex-m4 -std=gnu11 -g3 -DDEBUG -DUSE_HAL_DRIVER -DSTM32F401xE -c -I../Core/Inc -I"D:/STM32_Workspace/RTOS_workspace/FreeRTOS_Tut/firmware/Lib/datetime" -I"D:/STM32_Workspace/RTOS_workspace/FreeRTOS_Tut/firmware/Lib/atc" -I"D:/STM32_Workspace/RTOS_workspace/FreeRTOS_Tut/firmware/Lib/gsm_v5" -I"D:/STM32_Workspace/RTOS_workspace/FreeRTOS_Tut/firmware/Lib/gsm_v5_ext" -I"D:/STM32_Workspace/RTOS_workspace/FreeRTOS_Tut/firmware/Lib/spa" -I"D:/STM32_Workspace/RTOS_workspace/FreeRTOS_Tut/firmware/FreeRTOS/include" -I"D:/STM32_Workspace/RTOS_workspace/FreeRTOS_Tut/firmware/FreeRTOS/portable/GCC/ARM_CM4F" -I../Drivers/STM32F4xx_HAL_Driver/Inc -I../Drivers/STM32F4xx_HAL_Driver/Inc/Legacy -I../Drivers/CMSIS/Device/ST/STM32F4xx/Include -I../Drivers/CMSIS/Include -O0 -ffunction-sections -fdata-sections -Wall -fstack-usage -fcyclomatic-complexity -MMD -MP -MF"Core/Src/enl_auto_lmp_ctrl_app_task.d" -MT"Core/Src/enl_auto_lmp_ctrl_app_task.o" --specs=nano.specs -mfpu=fpv4-sp-d16 -mfloat-abi=hard -mthumb -o "Core/Src/enl_auto_lmp_ctrl_app_task.o"
arm-none-eabi-gcc "../Core/Src/enl_gpio_drv_utl.c" -mcpu=cortex-m4 -std=gnu11 -g3 -DDEBUG -DUSE_HAL_DRIVER -DSTM32F401xE -c -I../Core/Inc -I"D:/STM32_Workspace/RTOS_workspace/FreeRTOS_Tut/firmware/Lib/datetime" -I"D:/STM32_Workspace/RTOS_workspace/FreeRTOS_Tut/firmware/Lib/atc" -I"D:/STM32_Workspace/RTOS_workspace/FreeRTOS_Tut/firmware/Lib/gsm_v5" -I"D:/STM32_Workspace/RTOS_workspace/FreeRTOS_Tut/firmware/Lib/gsm_v5_ext" -I"D:/STM32_Workspace/RTOS_workspace/FreeRTOS_Tut/firmware/Lib/spa" -I"D:/STM32_Workspace/RTOS_workspace/FreeRTOS_Tut/firmware/FreeRTOS/include" -I"D:/STM32_Workspace/RTOS_workspace/FreeRTOS_Tut/firmware/FreeRTOS/portable/GCC/ARM_CM4F" -I../Drivers/STM32F4xx_HAL_Driver/Inc -I../Drivers/STM32F4xx_HAL_Driver/Inc/Legacy -I../Drivers/CMSIS/Device/ST/STM32F4xx/Include -I../Drivers/CMSIS/Include -O0 -ffunction-sections -fdata-sections -Wall -fstack-usage -fcyclomatic-complexity -MMD -MP -MF"Core/Src/enl_gpio_drv_utl.d" -MT"Core/Src/enl_gpio_drv_utl.o" --specs=nano.specs -mfpu=fpv4-sp-d16 -mfloat-abi=hard -mthumb -o "Core/Src/enl_gpio_drv_utl.o"
arm-none-eabi-gcc "../Core/Src/enl_led_ind_app.c" -mcpu=cortex-m4 -std=gnu11 -g3 -DDEBUG -DUSE_HAL_DRIVER -DSTM32F401xE -c -I../Core/Inc -I"D:/STM32_Workspace/RTOS_workspace/FreeRTOS_Tut/firmware/Lib/datetime" -I"D:/STM32_Workspace/RTOS_workspace/FreeRTOS_Tut/firmware/Lib/atc" -I"D:/STM32_Workspace/RTOS_workspace/FreeRTOS_Tut/firmware/Lib/gsm_v5" -I"D:/STM32_Workspace/RTOS_workspace/FreeRTOS_Tut/firmware/Lib/gsm_v5_ext" -I"D:/STM32_Workspace/RTOS_workspace/FreeRTOS_Tut/firmware/Lib/spa" -I"D:/STM32_Workspace/RTOS_workspace/FreeRTOS_Tut/firmware/FreeRTOS/include" -I"D:/STM32_Workspace/RTOS_workspace/FreeRTOS_Tut/firmware/FreeRTOS/portable/GCC/ARM_CM4F" -I../Drivers/STM32F4xx_HAL_Driver/Inc -I../Drivers/STM32F4xx_HAL_Driver/Inc/Legacy -I../Drivers/CMSIS/Device/ST/STM32F4xx/Include -I../Drivers/CMSIS/Include -O0 -ffunction-sections -fdata-sections -Wall -fstack-usage -fcyclomatic-complexity -MMD -MP -MF"Core/Src/enl_led_ind_app.d" -MT"Core/Src/enl_led_ind_app.o" --specs=nano.specs -mfpu=fpv4-sp-d16 -mfloat-abi=hard -mthumb -o "Core/Src/enl_led_ind_app.o"
arm-none-eabi-gcc "../Core/Src/enl_rtc_drv_utl.c" -mcpu=cortex-m4 -std=gnu11 -g3 -DDEBUG -DUSE_HAL_DRIVER -DSTM32F401xE -c -I../Core/Inc -I"D:/STM32_Workspace/RTOS_workspace/FreeRTOS_Tut/firmware/Lib/datetime" -I"D:/STM32_Workspace/RTOS_workspace/FreeRTOS_Tut/firmware/Lib/atc" -I"D:/STM32_Workspace/RTOS_workspace/FreeRTOS_Tut/firmware/Lib/gsm_v5" -I"D:/STM32_Workspace/RTOS_workspace/FreeRTOS_Tut/firmware/Lib/gsm_v5_ext" -I"D:/STM32_Workspace/RTOS_workspace/FreeRTOS_Tut/firmware/Lib/spa" -I"D:/STM32_Workspace/RTOS_workspace/FreeRTOS_Tut/firmware/FreeRTOS/include" -I"D:/STM32_Workspace/RTOS_workspace/FreeRTOS_Tut/firmware/FreeRTOS/portable/GCC/ARM_CM4F" -I../Drivers/STM32F4xx_HAL_Driver/Inc -I../Drivers/STM32F4xx_HAL_Driver/Inc/Legacy -I../Drivers/CMSIS/Device/ST/STM32F4xx/Include -I../Drivers/CMSIS/Include -O0 -ffunction-sections -fdata-sections -Wall -fstack-usage -fcyclomatic-complexity -MMD -MP -MF"Core/Src/enl_rtc_drv_utl.d" -MT"Core/Src/enl_rtc_drv_utl.o" --specs=nano.specs -mfpu=fpv4-sp-d16 -mfloat-abi=hard -mthumb -o "Core/Src/enl_rtc_drv_utl.o"
arm-none-eabi-gcc "../Core/Src/enl_spa_app_utl.c" -mcpu=cortex-m4 -std=gnu11 -g3 -DDEBUG -DUSE_HAL_DRIVER -DSTM32F401xE -c -I../Core/Inc -I"D:/STM32_Workspace/RTOS_workspace/FreeRTOS_Tut/firmware/Lib/datetime" -I"D:/STM32_Workspace/RTOS_workspace/FreeRTOS_Tut/firmware/Lib/atc" -I"D:/STM32_Workspace/RTOS_workspace/FreeRTOS_Tut/firmware/Lib/gsm_v5" -I"D:/STM32_Workspace/RTOS_workspace/FreeRTOS_Tut/firmware/Lib/gsm_v5_ext" -I"D:/STM32_Workspace/RTOS_workspace/FreeRTOS_Tut/firmware/Lib/spa" -I"D:/STM32_Workspace/RTOS_workspace/FreeRTOS_Tut/firmware/FreeRTOS/include" -I"D:/STM32_Workspace/RTOS_workspace/FreeRTOS_Tut/firmware/FreeRTOS/portable/GCC/ARM_CM4F" -I../Drivers/STM32F4xx_HAL_Driver/Inc -I../Drivers/STM32F4xx_HAL_Driver/Inc/Legacy -I../Drivers/CMSIS/Device/ST/STM32F4xx/Include -I../Drivers/CMSIS/Include -O0 -ffunction-sections -fdata-sections -Wall -fstack-usage -fcyclomatic-complexity -MMD -MP -MF"Core/Src/enl_spa_app_utl.d" -MT"Core/Src/enl_spa_app_utl.o" --specs=nano.specs -mfpu=fpv4-sp-d16 -mfloat-abi=hard -mthumb -o "Core/Src/enl_spa_app_utl.o"
arm-none-eabi-gcc "../Core/Src/enl_time_sync_app_utl.c" -mcpu=cortex-m4 -std=gnu11 -g3 -DDEBUG -DUSE_HAL_DRIVER -DSTM32F401xE -c -I../Core/Inc -I"D:/STM32_Workspace/RTOS_workspace/FreeRTOS_Tut/firmware/Lib/datetime" -I"D:/STM32_Workspace/RTOS_workspace/FreeRTOS_Tut/firmware/Lib/atc" -I"D:/STM32_Workspace/RTOS_workspace/FreeRTOS_Tut/firmware/Lib/gsm_v5" -I"D:/STM32_Workspace/RTOS_workspace/FreeRTOS_Tut/firmware/Lib/gsm_v5_ext" -I"D:/STM32_Workspace/RTOS_workspace/FreeRTOS_Tut/firmware/Lib/spa" -I"D:/STM32_Workspace/RTOS_workspace/FreeRTOS_Tut/firmware/FreeRTOS/include" -I"D:/STM32_Workspace/RTOS_workspace/FreeRTOS_Tut/firmware/FreeRTOS/portable/GCC/ARM_CM4F" -I../Drivers/STM32F4xx_HAL_Driver/Inc -I../Drivers/STM32F4xx_HAL_Driver/Inc/Legacy -I../Drivers/CMSIS/Device/ST/STM32F4xx/Include -I../Drivers/CMSIS/Include -O0 -ffunction-sections -fdata-sections -Wall -fstack-usage -fcyclomatic-complexity -MMD -MP -MF"Core/Src/enl_time_sync_app_utl.d" -MT"Core/Src/enl_time_sync_app_utl.o" --specs=nano.specs -mfpu=fpv4-sp-d16 -mfloat-abi=hard -mthumb -o "Core/Src/enl_time_sync_app_utl.o"
../Core/Src/enl_auto_lmp_ctrl_app_task.c: In function 'AutoLampCtrlTask':
../Core/Src/enl_auto_lmp_ctrl_app_task.c:65:14: warning: unused variable 'isReset' [-Wunused-variable]
   65 |         BOOL isReset = FALSE;
      |              ^~~~~~~
arm-none-eabi-gcc "../Core/Src/main.c" -mcpu=cortex-m4 -std=gnu11 -g3 -DDEBUG -DUSE_HAL_DRIVER -DSTM32F401xE -c -I../Core/Inc -I"D:/STM32_Workspace/RTOS_workspace/FreeRTOS_Tut/firmware/Lib/datetime" -I"D:/STM32_Workspace/RTOS_workspace/FreeRTOS_Tut/firmware/Lib/atc" -I"D:/STM32_Workspace/RTOS_workspace/FreeRTOS_Tut/firmware/Lib/gsm_v5" -I"D:/STM32_Workspace/RTOS_workspace/FreeRTOS_Tut/firmware/Lib/gsm_v5_ext" -I"D:/STM32_Workspace/RTOS_workspace/FreeRTOS_Tut/firmware/Lib/spa" -I"D:/STM32_Workspace/RTOS_workspace/FreeRTOS_Tut/firmware/FreeRTOS/include" -I"D:/STM32_Workspace/RTOS_workspace/FreeRTOS_Tut/firmware/FreeRTOS/portable/GCC/ARM_CM4F" -I../Drivers/STM32F4xx_HAL_Driver/Inc -I../Drivers/STM32F4xx_HAL_Driver/Inc/Legacy -I../Drivers/CMSIS/Device/ST/STM32F4xx/Include -I../Drivers/CMSIS/Include -O0 -ffunction-sections -fdata-sections -Wall -fstack-usage -fcyclomatic-complexity -MMD -MP -MF"Core/Src/main.d" -MT"Core/Src/main.o" --specs=nano.specs -mfpu=fpv4-sp-d16 -mfloat-abi=hard -mthumb -o "Core/Src/main.o"
arm-none-eabi-gcc "../Core/Src/stm32f4xx_hal_msp.c" -mcpu=cortex-m4 -std=gnu11 -g3 -DDEBUG -DUSE_HAL_DRIVER -DSTM32F401xE -c -I../Core/Inc -I"D:/STM32_Workspace/RTOS_workspace/FreeRTOS_Tut/firmware/Lib/datetime" -I"D:/STM32_Workspace/RTOS_workspace/FreeRTOS_Tut/firmware/Lib/atc" -I"D:/STM32_Workspace/RTOS_workspace/FreeRTOS_Tut/firmware/Lib/gsm_v5" -I"D:/STM32_Workspace/RTOS_workspace/FreeRTOS_Tut/firmware/Lib/gsm_v5_ext" -I"D:/STM32_Workspace/RTOS_workspace/FreeRTOS_Tut/firmware/Lib/spa" -I"D:/STM32_Workspace/RTOS_workspace/FreeRTOS_Tut/firmware/FreeRTOS/include" -I"D:/STM32_Workspace/RTOS_workspace/FreeRTOS_Tut/firmware/FreeRTOS/portable/GCC/ARM_CM4F" -I../Drivers/STM32F4xx_HAL_Driver/Inc -I../Drivers/STM32F4xx_HAL_Driver/Inc/Legacy -I../Drivers/CMSIS/Device/ST/STM32F4xx/Include -I../Drivers/CMSIS/Include -O0 -ffunction-sections -fdata-sections -Wall -fstack-usage -fcyclomatic-complexity -MMD -MP -MF"Core/Src/stm32f4xx_hal_msp.d" -MT"Core/Src/stm32f4xx_hal_msp.o" --specs=nano.specs -mfpu=fpv4-sp-d16 -mfloat-abi=hard -mthumb -o "Core/Src/stm32f4xx_hal_msp.o"
arm-none-eabi-gcc "../Core/Src/stm32f4xx_hal_timebase_tim.c" -mcpu=cortex-m4 -std=gnu11 -g3 -DDEBUG -DUSE_HAL_DRIVER -DSTM32F401xE -c -I../Core/Inc -I"D:/STM32_Workspace/RTOS_workspace/FreeRTOS_Tut/firmware/Lib/datetime" -I"D:/STM32_Workspace/RTOS_workspace/FreeRTOS_Tut/firmware/Lib/atc" -I"D:/STM32_Workspace/RTOS_workspace/FreeRTOS_Tut/firmware/Lib/gsm_v5" -I"D:/STM32_Workspace/RTOS_workspace/FreeRTOS_Tut/firmware/Lib/gsm_v5_ext" -I"D:/STM32_Workspace/RTOS_workspace/FreeRTOS_Tut/firmware/Lib/spa" -I"D:/STM32_Workspace/RTOS_workspace/FreeRTOS_Tut/firmware/FreeRTOS/include" -I"D:/STM32_Workspace/RTOS_workspace/FreeRTOS_Tut/firmware/FreeRTOS/portable/GCC/ARM_CM4F" -I../Drivers/STM32F4xx_HAL_Driver/Inc -I../Drivers/STM32F4xx_HAL_Driver/Inc/Legacy -I../Drivers/CMSIS/Device/ST/STM32F4xx/Include -I../Drivers/CMSIS/Include -O0 -ffunction-sections -fdata-sections -Wall -fstack-usage -fcyclomatic-complexity -MMD -MP -MF"Core/Src/stm32f4xx_hal_timebase_tim.d" -MT"Core/Src/stm32f4xx_hal_timebase_tim.o" --specs=nano.specs -mfpu=fpv4-sp-d16 -mfloat-abi=hard -mthumb -o "Core/Src/stm32f4xx_hal_timebase_tim.o"
arm-none-eabi-gcc "../Core/Src/stm32f4xx_it.c" -mcpu=cortex-m4 -std=gnu11 -g3 -DDEBUG -DUSE_HAL_DRIVER -DSTM32F401xE -c -I../Core/Inc -I"D:/STM32_Workspace/RTOS_workspace/FreeRTOS_Tut/firmware/Lib/datetime" -I"D:/STM32_Workspace/RTOS_workspace/FreeRTOS_Tut/firmware/Lib/atc" -I"D:/STM32_Workspace/RTOS_workspace/FreeRTOS_Tut/firmware/Lib/gsm_v5" -I"D:/STM32_Workspace/RTOS_workspace/FreeRTOS_Tut/firmware/Lib/gsm_v5_ext" -I"D:/STM32_Workspace/RTOS_workspace/FreeRTOS_Tut/firmware/Lib/spa" -I"D:/STM32_Workspace/RTOS_workspace/FreeRTOS_Tut/firmware/FreeRTOS/include" -I"D:/STM32_Workspace/RTOS_workspace/FreeRTOS_Tut/firmware/FreeRTOS/portable/GCC/ARM_CM4F" -I../Drivers/STM32F4xx_HAL_Driver/Inc -I../Drivers/STM32F4xx_HAL_Driver/Inc/Legacy -I../Drivers/CMSIS/Device/ST/STM32F4xx/Include -I../Drivers/CMSIS/Include -O0 -ffunction-sections -fdata-sections -Wall -fstack-usage -fcyclomatic-complexity -MMD -MP -MF"Core/Src/stm32f4xx_it.d" -MT"Core/Src/stm32f4xx_it.o" --specs=nano.specs -mfpu=fpv4-sp-d16 -mfloat-abi=hard -mthumb -o "Core/Src/stm32f4xx_it.o"
arm-none-eabi-gcc "../Core/Src/syscalls.c" -mcpu=cortex-m4 -std=gnu11 -g3 -DDEBUG -DUSE_HAL_DRIVER -DSTM32F401xE -c -I../Core/Inc -I"D:/STM32_Workspace/RTOS_workspace/FreeRTOS_Tut/firmware/Lib/datetime" -I"D:/STM32_Workspace/RTOS_workspace/FreeRTOS_Tut/firmware/Lib/atc" -I"D:/STM32_Workspace/RTOS_workspace/FreeRTOS_Tut/firmware/Lib/gsm_v5" -I"D:/STM32_Workspace/RTOS_workspace/FreeRTOS_Tut/firmware/Lib/gsm_v5_ext" -I"D:/STM32_Workspace/RTOS_workspace/FreeRTOS_Tut/firmware/Lib/spa" -I"D:/STM32_Workspace/RTOS_workspace/FreeRTOS_Tut/firmware/FreeRTOS/include" -I"D:/STM32_Workspace/RTOS_workspace/FreeRTOS_Tut/firmware/FreeRTOS/portable/GCC/ARM_CM4F" -I../Drivers/STM32F4xx_HAL_Driver/Inc -I../Drivers/STM32F4xx_HAL_Driver/Inc/Legacy -I../Drivers/CMSIS/Device/ST/STM32F4xx/Include -I../Drivers/CMSIS/Include -O0 -ffunction-sections -fdata-sections -Wall -fstack-usage -fcyclomatic-complexity -MMD -MP -MF"Core/Src/syscalls.d" -MT"Core/Src/syscalls.o" --specs=nano.specs -mfpu=fpv4-sp-d16 -mfloat-abi=hard -mthumb -o "Core/Src/syscalls.o"
arm-none-eabi-gcc "../Core/Src/sysmem.c" -mcpu=cortex-m4 -std=gnu11 -g3 -DDEBUG -DUSE_HAL_DRIVER -DSTM32F401xE -c -I../Core/Inc -I"D:/STM32_Workspace/RTOS_workspace/FreeRTOS_Tut/firmware/Lib/datetime" -I"D:/STM32_Workspace/RTOS_workspace/FreeRTOS_Tut/firmware/Lib/atc" -I"D:/STM32_Workspace/RTOS_workspace/FreeRTOS_Tut/firmware/Lib/gsm_v5" -I"D:/STM32_Workspace/RTOS_workspace/FreeRTOS_Tut/firmware/Lib/gsm_v5_ext" -I"D:/STM32_Workspace/RTOS_workspace/FreeRTOS_Tut/firmware/Lib/spa" -I"D:/STM32_Workspace/RTOS_workspace/FreeRTOS_Tut/firmware/FreeRTOS/include" -I"D:/STM32_Workspace/RTOS_workspace/FreeRTOS_Tut/firmware/FreeRTOS/portable/GCC/ARM_CM4F" -I../Drivers/STM32F4xx_HAL_Driver/Inc -I../Drivers/STM32F4xx_HAL_Driver/Inc/Legacy -I../Drivers/CMSIS/Device/ST/STM32F4xx/Include -I../Drivers/CMSIS/Include -O0 -ffunction-sections -fdata-sections -Wall -fstack-usage -fcyclomatic-complexity -MMD -MP -MF"Core/Src/sysmem.d" -MT"Core/Src/sysmem.o" --specs=nano.specs -mfpu=fpv4-sp-d16 -mfloat-abi=hard -mthumb -o "Core/Src/sysmem.o"
arm-none-eabi-gcc "../Core/Src/system_stm32f4xx.c" -mcpu=cortex-m4 -std=gnu11 -g3 -DDEBUG -DUSE_HAL_DRIVER -DSTM32F401xE -c -I../Core/Inc -I"D:/STM32_Workspace/RTOS_workspace/FreeRTOS_Tut/firmware/Lib/datetime" -I"D:/STM32_Workspace/RTOS_workspace/FreeRTOS_Tut/firmware/Lib/atc" -I"D:/STM32_Workspace/RTOS_workspace/FreeRTOS_Tut/firmware/Lib/gsm_v5" -I"D:/STM32_Workspace/RTOS_workspace/FreeRTOS_Tut/firmware/Lib/gsm_v5_ext" -I"D:/STM32_Workspace/RTOS_workspace/FreeRTOS_Tut/firmware/Lib/spa" -I"D:/STM32_Workspace/RTOS_workspace/FreeRTOS_Tut/firmware/FreeRTOS/include" -I"D:/STM32_Workspace/RTOS_workspace/FreeRTOS_Tut/firmware/FreeRTOS/portable/GCC/ARM_CM4F" -I../Drivers/STM32F4xx_HAL_Driver/Inc -I../Drivers/STM32F4xx_HAL_Driver/Inc/Legacy -I../Drivers/CMSIS/Device/ST/STM32F4xx/Include -I../Drivers/CMSIS/Include -O0 -ffunction-sections -fdata-sections -Wall -fstack-usage -fcyclomatic-complexity -MMD -MP -MF"Core/Src/system_stm32f4xx.d" -MT"Core/Src/system_stm32f4xx.o" --specs=nano.specs -mfpu=fpv4-sp-d16 -mfloat-abi=hard -mthumb -o "Core/Src/system_stm32f4xx.o"
../Core/Src/main.c: In function 'main':
../Core/Src/main.c:99:20: warning: unused variable 'currDate' [-Wunused-variable]
   99 |         EnL_Date_t currDate =
      |                    ^~~~~~~~
../Core/Src/main.c:92:20: warning: unused variable 'currTime' [-Wunused-variable]
   92 |         EnL_Time_t currTime =
      |                    ^~~~~~~~
arm-none-eabi-gcc -o "firmware.elf" @"objects.list"   -mcpu=cortex-m4 -T"D:\STM32_Workspace\RTOS_workspace\FreeRTOS_Tut\firmware\STM32F401RETX_FLASH.ld" --specs=nosys.specs -Wl,-Map="firmware.map" -Wl,--gc-sections -static --specs=nano.specs -mfpu=fpv4-sp-d16 -mfloat-abi=hard -mthumb -Wl,--start-group -lc -lm -Wl,--end-group
Finished building target: firmware.elf
 
arm-none-eabi-size  firmware.elf 
arm-none-eabi-objdump -h -S firmware.elf  > "firmware.list"
   text	   data	    bss	    dec	    hex	filename
  32360	     28	  79260	 111648	  1b420	firmware.elf
Finished building: default.size.stdout
 
Finished building: firmware.list
 

17:15:49 Build Finished. 0 errors, 15 warnings. (took 5s.462ms)

