../Lib/gsm_v5-master/pdu.c:65:6:PDU_Init	16	static
../Lib/gsm_v5-master/pdu.c:71:6:PDU_Free	8	static
../Lib/gsm_v5-master/pdu.c:77:7:PDU_getPDUBuffer	4	static
../Lib/gsm_v5-master/pdu.c:88:6:isPhoneNumberLegal	32	static
../Lib/gsm_v5-master/pdu.c:113:6:stringToBCD	32	static
../Lib/gsm_v5-master/pdu.c:145:6:BCDtoString	32	static
../Lib/gsm_v5-master/pdu.c:165:6:setAddress	32	static
../Lib/gsm_v5-master/pdu.c:216:5:decodeAddress	40	static
../Lib/gsm_v5-master/pdu.c:269:5:buildUDH	40	static
../Lib/gsm_v5-master/pdu.c:340:5:decodeUDH	16	static
../Lib/gsm_v5-master/pdu.c:359:5:calculateVP	16	static
../Lib/gsm_v5-master/pdu.c:383:5:PDU_encode	272	static
../Lib/gsm_v5-master/pdu.c:528:5:PDU_getPDUCodeSize	4	static
../Lib/gsm_v5-master/pdu.c:541:6:PDU_decode	64	static
../Lib/gsm_v5-master/pdu.c:693:14:swapchars	32	static
../Lib/gsm_v5-master/pdu.c:710:6:isGSM7	24	static
../Lib/gsm_v5-master/pdu.c:724:5:buildUtf	40	static
../Lib/gsm_v5-master/pdu.c:797:6:putHex	16	static
../Lib/gsm_v5-master/pdu.c:818:15:getHex	24	static
../Lib/gsm_v5-master/pdu.c:844:5:convert_utf8_to_gsm7bit	40	static
../Lib/gsm_v5-master/pdu.c:916:5:utf8_to_packed7bit	208	static
../Lib/gsm_v5-master/pdu.c:954:5:pduGsm7_to_unicode	80	dynamic
../Lib/gsm_v5-master/pdu.c:1007:5:ucs2_to_utf8	48	static
../Lib/gsm_v5-master/pdu.c:1087:5:convert_7bit_to_unicode	40	static
../Lib/gsm_v5-master/pdu.c:1187:5:pdu_to_ucs2	40	static
../Lib/gsm_v5-master/pdu.c:1217:5:utf8Length	32	static
../Lib/gsm_v5-master/pdu.c:1263:5:utf8_to_ucs2_single	40	static
../Lib/gsm_v5-master/pdu.c:1323:5:utf8_to_ucs2	32	static
